Archive member included because of file (symbol)

../lpc2106_install/lib/libtarget.a(hal_common_hal_if.o)
                              ../lpc2106_install/lib/extras.o (hal_if_diag_read_char)
../lpc2106_install/lib/libtarget.a(hal_common_hal_misc.o)
                              ../lpc2106_install/lib/libtarget.a(hal_common_hal_if.o) (cyg_hal_is_break)
../lpc2106_install/lib/libtarget.a(io_common_iosys.o)
                              ../lpc2106_install/lib/extras.o (cyg_io_init)
../lpc2106_install/lib/libtarget.a(infra_startup.o)
                              ../lpc2106_install/lib/vectors.o (cyg_start)
../lpc2106_install/lib/libtarget.a(infra_prestart.o)
                              ../lpc2106_install/lib/libtarget.a(infra_startup.o) (cyg_prestart)
../lpc2106_install/lib/libtarget.a(infra_pkgstart.o)
                              ../lpc2106_install/lib/libtarget.a(infra_startup.o) (cyg_package_start)
../lpc2106_install/lib/libtarget.a(infra_userstart.o)
                              ../lpc2106_install/lib/libtarget.a(infra_startup.o) (cyg_user_start)
../lpc2106_install/lib/libtarget.a(infra_diag.o)
                              ../lpc2106_install/lib/extras.o (diag_printf)
../lpc2106_install/lib/libtarget.a(kernel_kapi.o)
                              ../lpc2106_install/lib/extras.o (cyg_scheduler_lock)
../lpc2106_install/lib/libtarget.a(kernel_thread.o)
                              ../lpc2106_install/lib/libtarget.a(kernel_kapi.o) (_ZN10Cyg_Thread17deliver_exceptionEij)
../lpc2106_install/lib/libtarget.a(kernel_except.o)
                              ../lpc2106_install/lib/libtarget.a(kernel_kapi.o) (_ZN21Cyg_Exception_Control18register_exceptionEiPFvjijEjPS1_Pj)
../lpc2106_install/lib/libtarget.a(kernel_intr.o)
                              ../lpc2106_install/lib/libtarget.a(kernel_kapi.o) (_ZN13Cyg_InterruptC1EjijPFjjjEPFvjjjE)
../lpc2106_install/lib/libtarget.a(kernel_mlqueue.o)
                              ../lpc2106_install/lib/libtarget.a(kernel_thread.o) (_ZN28Cyg_Scheduler_Implementation10rem_threadEP10Cyg_Thread)
../lpc2106_install/lib/libtarget.a(kernel_sched.o)
                              ../lpc2106_install/lib/libtarget.a(kernel_thread.o) (_ZN13Cyg_Scheduler9schedulerE)
../lpc2106_install/lib/libtarget.a(kernel_cnt_sem.o)
                              ../lpc2106_install/lib/libtarget.a(kernel_kapi.o) (_ZN22Cyg_Counting_SemaphoreC1Ei)
../lpc2106_install/lib/libtarget.a(kernel_flag.o)
                              ../lpc2106_install/lib/libtarget.a(kernel_kapi.o) (_ZN8Cyg_FlagC1Ej)
../lpc2106_install/lib/libtarget.a(kernel_mbox.o)
                              ../lpc2106_install/lib/libtarget.a(kernel_kapi.o) (_ZN8Cyg_MboxC1Ev)
../lpc2106_install/lib/libtarget.a(kernel_mutex.o)
                              ../lpc2106_install/lib/libtarget.a(kernel_kapi.o) (_ZN9Cyg_MutexC1Ev)
../lpc2106_install/lib/libtarget.a(language_c_libc_startup_mainthread.o)
                              ../lpc2106_install/lib/extras.o (cyg_libc_main_thread)
../lpc2106_install/lib/libtarget.a(language_c_libc_stdio_stdioinlines.o)
                              /tmp/cckwxeNr.o (puts)
../lpc2106_install/lib/libtarget.a(language_c_libc_stdio_stdout.o)
                              ../lpc2106_install/lib/libtarget.a(language_c_libc_stdio_stdioinlines.o) (stdout)
../lpc2106_install/lib/libtarget.a(language_c_libc_stdio_stream.o)
                              ../lpc2106_install/lib/libtarget.a(language_c_libc_stdio_stdout.o) (_ZTV16Cyg_OutputStream)
../lpc2106_install/lib/libtarget.a(language_c_libc_stdio_streambuf.o)
                              ../lpc2106_install/lib/libtarget.a(language_c_libc_stdio_stream.o) (_ZN21Cyg_StdioStreamBuffer10set_bufferEjPh)
../lpc2106_install/lib/libtarget.a(language_c_libc_stdio_vsnprintf.o)
                              ../lpc2106_install/lib/libtarget.a(language_c_libc_stdio_stdioinlines.o) (vsnprintf)
../lpc2106_install/lib/libtarget.a(language_c_libc_stdio_vfscanf.o)
                              ../lpc2106_install/lib/libtarget.a(language_c_libc_stdio_stdioinlines.o) (vfscanf)
../lpc2106_install/lib/libtarget.a(language_c_libc_stdio_fprintf.o)
                              ../lpc2106_install/lib/libtarget.a(language_c_libc_stdio_stdioinlines.o) (fprintf)
../lpc2106_install/lib/libtarget.a(language_c_libc_stdio_fputc.o)
                              ../lpc2106_install/lib/libtarget.a(language_c_libc_stdio_stdioinlines.o) (fputc)
../lpc2106_install/lib/libtarget.a(language_c_libc_stdio_fputs.o)
                              ../lpc2106_install/lib/libtarget.a(language_c_libc_stdio_stdioinlines.o) (fputs)
../lpc2106_install/lib/libtarget.a(language_c_libc_stdio_vfnprintf.o)
                              ../lpc2106_install/lib/libtarget.a(language_c_libc_stdio_stdioinlines.o) (vfnprintf)
../lpc2106_install/lib/libtarget.a(language_c_libc_stdlib_strtod.o)
                              ../lpc2106_install/lib/libtarget.a(language_c_libc_stdio_vfscanf.o) (strtod)
[...]
Memory Configuration

Name             Origin             Length             Attributes
ram              0x40000000         0x00010000
rom              0x00000000         0x00020000
*default*        0x00000000         0xffffffff

Linker script and memory map

LOAD ../lpc2106_install/lib/vectors.o
LOAD /tmp/cckwxeNr.o
LOAD ../lpc2106_install/lib/extras.o
START GROUP
LOAD ../lpc2106_install/lib/libtarget.a
LOAD /home/psampaio/Develop/ecos/gnutools/arm-eabi/bin/../lib/gcc/arm-eabi/4.3.2/libgcc.a
LOAD /home/psampaio/Develop/ecos/gnutools/arm-eabi/bin/../lib/gcc/arm-eabi/4.3.2/../../../../arm-eabi/lib/libsupc++.a
END GROUP

.debug_aranges  0x00000000     0x16f0
 *(.debug_aranges)
 .debug_aranges
                0x00000000       0x28 ../lpc2106_install/lib/vectors.o
 .debug_aranges
                0x00000028       0x20 /tmp/cckwxeNr.o
 .debug_aranges
                0x00000048      0x128 ../lpc2106_install/lib/extras.o
 .debug_aranges
                0x00000170       0xc8 ../lpc2106_install/lib/libtarget.a(hal_common_hal_if.o)
 .debug_aranges
                0x00000238       0x30 ../lpc2106_install/lib/libtarget.a(hal_common_hal_misc.o)
 .debug_aranges
                0x00000268       0x98 ../lpc2106_install/lib/libtarget.a(io_common_iosys.o)
 .debug_aranges
                0x00000300       0x20 ../lpc2106_install/lib/libtarget.a(infra_startup.o)
 .debug_aranges
                0x00000320       0x20 ../lpc2106_install/lib/libtarget.a(infra_prestart.o)
 .debug_aranges
                0x00000340       0x20 ../lpc2106_install/lib/libtarget.a(infra_pkgstart.o)
 .debug_aranges
                0x00000360       0x20 ../lpc2106_install/lib/libtarget.a(infra_userstart.o)
 .debug_aranges
                0x00000380       0xe0 ../lpc2106_install/lib/libtarget.a(infra_diag.o)
 .debug_aranges
                0x00000460      0x3d0 ../lpc2106_install/lib/libtarget.a(kernel_kapi.o)
 .debug_aranges
                0x00000830      0x108 ../lpc2106_install/lib/libtarget.a(kernel_thread.o)
 .debug_aranges
                0x00000938       0x58 ../lpc2106_install/lib/libtarget.a(kernel_except.o)
 .debug_aranges
                0x00000990       0xd8 ../lpc2106_install/lib/libtarget.a(kernel_intr.o)
 .debug_aranges
                0x00000a68       0xc8 ../lpc2106_install/lib/libtarget.a(kernel_mlqueue.o)
 .debug_aranges
                0x00000b30       0xa0 ../lpc2106_install/lib/libtarget.a(kernel_sched.o)
 .debug_aranges
                0x00000bd0       0x60 ../lpc2106_install/lib/libtarget.a(kernel_cnt_sem.o)
 .debug_aranges
                0x00000c30       0x60 ../lpc2106_install/lib/libtarget.a(kernel_flag.o)
 .debug_aranges
                0x00000c90       0x70 ../lpc2106_install/lib/libtarget.a(kernel_mbox.o)
 .debug_aranges
                0x00000d00       0xc8 ../lpc2106_install/lib/libtarget.a(kernel_mutex.o)
 .debug_aranges
                0x00000dc8       0x30 ../lpc2106_install/lib/libtarget.a(language_c_libc_startup_mainthread.o)
 .debug_aranges
                0x00000df8       0x50 ../lpc2106_install/lib/libtarget.a(language_c_libc_stdio_stdioinlines.o)
 .debug_aranges
                0x00000e48       0x30 ../lpc2106_install/lib/libtarget.a(language_c_libc_stdio_stdout.o)
 .debug_aranges
                0x00000e78       0xa8 ../lpc2106_install/lib/libtarget.a(language_c_libc_stdio_stream.o)
 .debug_aranges
                0x00000f20       0x20 ../lpc2106_install/lib/libtarget.a(language_c_libc_stdio_streambuf.o)
 .debug_aranges
                0x00000f40       0x40 ../lpc2106_install/lib/libtarget.a(language_c_libc_stdio_vsnprintf.o)
 .debug_aranges
                0x00000f80       0x28 ../lpc2106_install/lib/libtarget.a(language_c_libc_stdio_vfscanf.o)
 .debug_aranges
                0x00000fa8       0x20 ../lpc2106_install/lib/libtarget.a(language_c_libc_stdio_fprintf.o)
 .debug_aranges
                0x00000fc8       0x28 ../lpc2106_install/lib/libtarget.a(language_c_libc_stdio_fputc.o)
 .debug_aranges
                0x00000ff0       0x20 ../lpc2106_install/lib/libtarget.a(language_c_libc_stdio_fputs.o)
 .debug_aranges
                0x00001010       0x28 ../lpc2106_install/lib/libtarget.a(language_c_libc_stdio_vfnprintf.o)
 .debug_aranges
                0x00001038       0x28 ../lpc2106_install/lib/libtarget.a(language_c_libc_stdlib_strtod.o)
 .debug_aranges
                0x00001060       0x20 ../lpc2106_install/lib/libtarget.a(language_c_libc_stdlib_strtol.o)
 .debug_aranges
                0x00001080       0x20 ../lpc2106_install/lib/libtarget.a(language_c_libc_stdlib_strtoul.o)
 .debug_aranges
                0x000010a0       0x20 ../lpc2106_install/lib/libtarget.a(language_c_libc_stdlib_strtoll.o)
 .debug_aranges
                0x000010c0       0x20 ../lpc2106_install/lib/libtarget.a(language_c_libc_stdlib_strtoull.o)
 .debug_aranges
                0x000010e0       0x20 ../lpc2106_install/lib/libtarget.a(language_c_libc_string_memchr.o)
 .debug_aranges
                0x00001100       0x20 ../lpc2106_install/lib/libtarget.a(language_c_libc_string_strlen.o)
 .debug_aranges
                0x00001120       0x20 ../lpc2106_install/lib/libtarget.a(language_c_libm_s_modf.o)
 .debug_aranges
                0x00001140       0x20 ../lpc2106_install/lib/libtarget.a(error_strerror.o)
 .debug_aranges
                0x00001160       0x20 ../lpc2106_install/lib/libtarget.a(error_errno.o)
 .debug_aranges
                0x00001180       0x48 ../lpc2106_install/lib/libtarget.a(hal_arm_arch_hal_misc.o)
 .debug_aranges
                0x000011c8       0x20 ../lpc2106_install/lib/libtarget.a(hal_arm_arch_context.o)
 .debug_aranges
                0x000011e8       0x88 ../lpc2106_install/lib/libtarget.a(hal_arm_lpc2xxx_var_lpc2xxx_misc.o)
 .debug_aranges
                0x00001270       0x28 ../lpc2106_install/lib/libtarget.a(hal_arm_lpc2xxx_p2106_p2106_misc.o)
 .debug_aranges
                0x00001298       0x20 ../lpc2106_install/lib/libtarget.a(infra_memcpy.o)
 .debug_aranges
                0x000012b8       0x28 ../lpc2106_install/lib/libtarget.a(infra_delete.o)
 .debug_aranges
                0x000012e0      0x118 ../lpc2106_install/lib/libtarget.a(kernel_clock.o)
 .debug_aranges
                0x000013f8       0x40 ../lpc2106_install/lib/libtarget.a(services_memalloc_common_malloc.o)
 .debug_aranges
                0x00001438       0x30 ../lpc2106_install/lib/libtarget.a(services_memalloc_common_heaps.o)
 .debug_aranges
                0x00001468       0x20 ../lpc2106_install/lib/libtarget.a(language_c_libc_startup_invokemain.o)
 .debug_aranges
                0x00001488       0x28 ../lpc2106_install/lib/libtarget.a(language_c_libc_stdio_fflush.o)
 .debug_aranges
                0x000014b0       0x20 ../lpc2106_install/lib/libtarget.a(language_c_libc_stdio_setvbuf.o)
 .debug_aranges
                0x000014d0       0x30 ../lpc2106_install/lib/libtarget.a(language_c_libc_stdio_stderr.o)
 .debug_aranges
                0x00001500       0x30 ../lpc2106_install/lib/libtarget.a(language_c_libc_stdio_stdin.o)
 .debug_aranges
                0x00001530       0x30 ../lpc2106_install/lib/libtarget.a(language_c_libc_stdio_stdiofiles.o)
 .debug_aranges
                0x00001560       0x20 ../lpc2106_install/lib/libtarget.a(language_c_libc_stdio_stdiosupp.o)
 .debug_aranges
                0x00001580       0x20 ../lpc2106_install/lib/libtarget.a(language_c_libc_stdio_ungetc.o)
 .debug_aranges
                0x000015a0       0x60 ../lpc2106_install/lib/libtarget.a(hal_arm_lpc2xxx_var_hal_diag.o)
 .debug_aranges
                0x00001600       0x20 ../lpc2106_install/lib/libtarget.a(infra_memset.o)
 .debug_aranges
                0x00001620       0x48 ../lpc2106_install/lib/libtarget.a(services_memalloc_common_dlmalloc.o)
 .debug_aranges
                0x00001668       0x20 ../lpc2106_install/lib/libtarget.a(language_c_libc_startup_exit.o)
 .debug_aranges
                0x00001688       0x20 ../lpc2106_install/lib/libtarget.a(language_c_libc_string_memmove.o)
 .debug_aranges
                0x000016a8       0x20 ../lpc2106_install/lib/libtarget.a(language_c_libc_startup__exit.o)
 .debug_aranges
                0x000016c8       0x28 ../lpc2106_install/lib/libtarget.a(language_c_libc_startup_atexit.o)

.debug_pubnames
                0x00000000     0x38a3
 *(.debug_pubnames)
 .debug_pubnames
                0x00000000       0x1b /tmp/cckwxeNr.o
 .debug_pubnames
                0x0000001b       0xb0 ../lpc2106_install/lib/extras.o
 .debug_pubnames
                0x000000cb       0xb1 ../lpc2106_install/lib/libtarget.a(hal_common_hal_if.o)
 .debug_pubnames
                0x0000017c       0x6e ../lpc2106_install/lib/libtarget.a(hal_common_hal_misc.o)
 .debug_pubnames
                0x000001ea      0x14f ../lpc2106_install/lib/libtarget.a(io_common_iosys.o)
 .debug_pubnames
                0x00000339       0x20 ../lpc2106_install/lib/libtarget.a(infra_startup.o)
 .debug_pubnames
                0x00000359       0x23 ../lpc2106_install/lib/libtarget.a(infra_prestart.o)
 .debug_pubnames
                0x0000037c       0x28 ../lpc2106_install/lib/libtarget.a(infra_pkgstart.o)
 .debug_pubnames
                0x000003a4       0x25 ../lpc2106_install/lib/libtarget.a(infra_userstart.o)
 .debug_pubnames
                0x000003c9      0x1cb ../lpc2106_install/lib/libtarget.a(infra_diag.o)
 .debug_pubnames
                0x00000594      0xb40 ../lpc2106_install/lib/libtarget.a(kernel_kapi.o)
 .debug_pubnames
                0x000010d4      0x364 ../lpc2106_install/lib/libtarget.a(kernel_thread.o)
 .debug_pubnames
                0x00001438      0x15e ../lpc2106_install/lib/libtarget.a(kernel_except.o)
 .debug_pubnames
                0x00001596      0x3b3 ../lpc2106_install/lib/libtarget.a(kernel_intr.o)
 .debug_pubnames
                0x00001949      0x47c ../lpc2106_install/lib/libtarget.a(kernel_mlqueue.o)
 .debug_pubnames
                0x00001dc5      0x2df ../lpc2106_install/lib/libtarget.a(kernel_sched.o)
 .debug_pubnames
                0x000020a4      0x188 ../lpc2106_install/lib/libtarget.a(kernel_cnt_sem.o)
 .debug_pubnames
                0x0000222c       0xd6 ../lpc2106_install/lib/libtarget.a(kernel_flag.o)
 .debug_pubnames
                0x00002302       0xfa ../lpc2106_install/lib/libtarget.a(kernel_mbox.o)
 .debug_pubnames
                0x000023fc      0x304 ../lpc2106_install/lib/libtarget.a(kernel_mutex.o)
 .debug_pubnames
                0x00002700       0x2b ../lpc2106_install/lib/libtarget.a(language_c_libc_startup_mainthread.o)
 .debug_pubnames
                0x0000272b       0x62 ../lpc2106_install/lib/libtarget.a(language_c_libc_stdio_stdioinlines.o)
 .debug_pubnames
                0x0000278d       0x37 ../lpc2106_install/lib/libtarget.a(language_c_libc_stdio_stdout.o)
 .debug_pubnames
                0x000027c4      0x283 ../lpc2106_install/lib/libtarget.a(language_c_libc_stdio_stream.o)
 .debug_pubnames
                0x00002a47       0x38 ../lpc2106_install/lib/libtarget.a(language_c_libc_stdio_streambuf.o)
 .debug_pubnames
                0x00002a7f       0xbe ../lpc2106_install/lib/libtarget.a(language_c_libc_stdio_vsnprintf.o)
 .debug_pubnames
                0x00002b3d       0x40 ../lpc2106_install/lib/libtarget.a(language_c_libc_stdio_vfscanf.o)
 .debug_pubnames
                0x00002b7d       0x1e ../lpc2106_install/lib/libtarget.a(language_c_libc_stdio_fprintf.o)
 .debug_pubnames
                0x00002b9b       0x28 ../lpc2106_install/lib/libtarget.a(language_c_libc_stdio_fputc.o)
 .debug_pubnames
                0x00002bc3       0x1c ../lpc2106_install/lib/libtarget.a(language_c_libc_stdio_fputs.o)
 .debug_pubnames
                0x00002bdf       0x20 ../lpc2106_install/lib/libtarget.a(language_c_libc_stdio_vfnprintf.o)
 .debug_pubnames
                0x00002bff       0x1d ../lpc2106_install/lib/libtarget.a(language_c_libc_stdlib_strtod.o)
 .debug_pubnames
                0x00002c1c       0x1d ../lpc2106_install/lib/libtarget.a(language_c_libc_stdlib_strtol.o)
 .debug_pubnames
                0x00002c39       0x1e ../lpc2106_install/lib/libtarget.a(language_c_libc_stdlib_strtoul.o)
 .debug_pubnames
                0x00002c57       0x1e ../lpc2106_install/lib/libtarget.a(language_c_libc_stdlib_strtoll.o)
 .debug_pubnames
                0x00002c75       0x1f ../lpc2106_install/lib/libtarget.a(language_c_libc_stdlib_strtoull.o)
 .debug_pubnames
                0x00002c94       0x1f ../lpc2106_install/lib/libtarget.a(language_c_libc_string_memchr.o)
 .debug_pubnames
                0x00002cb3       0x1f ../lpc2106_install/lib/libtarget.a(language_c_libc_string_strlen.o)
 .debug_pubnames
                0x00002cd2       0x4c ../lpc2106_install/lib/libtarget.a(language_c_libc_string_strsuppt.o)
 .debug_pubnames
                0x00002d1e       0x28 ../lpc2106_install/lib/libtarget.a(language_c_libm_infconst.o)
 .debug_pubnames
                0x00002d46       0x1b ../lpc2106_install/lib/libtarget.a(language_c_libm_s_modf.o)
 .debug_pubnames
                0x00002d61       0x21 ../lpc2106_install/lib/libtarget.a(error_strerror.o)
 .debug_pubnames
                0x00002d82       0x2c ../lpc2106_install/lib/libtarget.a(error_errno.o)
 .debug_pubnames
                0x00002dae       0x98 ../lpc2106_install/lib/libtarget.a(hal_arm_arch_hal_misc.o)
 .debug_pubnames
                0x00002e46      0x154 ../lpc2106_install/lib/libtarget.a(hal_arm_lpc2xxx_var_lpc2xxx_misc.o)
 .debug_pubnames
                0x00002f9a       0x46 ../lpc2106_install/lib/libtarget.a(hal_arm_lpc2xxx_p2106_p2106_misc.o)
 .debug_pubnames
                0x00002fe0       0x1e ../lpc2106_install/lib/libtarget.a(infra_memcpy.o)
 .debug_pubnames
                0x00002ffe       0x3d ../lpc2106_install/lib/libtarget.a(infra_delete.o)
 .debug_pubnames
                0x0000303b      0x37a ../lpc2106_install/lib/libtarget.a(kernel_clock.o)
 .debug_pubnames
                0x000033b5       0x4a ../lpc2106_install/lib/libtarget.a(services_memalloc_common_malloc.o)
 .debug_pubnames
                0x000033ff       0x42 ../lpc2106_install/lib/libtarget.a(services_memalloc_common_heaps.o)
 .debug_pubnames
                0x00003441       0x2b ../lpc2106_install/lib/libtarget.a(language_c_libc_startup_invokemain.o)
 .debug_pubnames
                0x0000346c       0x3e ../lpc2106_install/lib/libtarget.a(language_c_libc_stdio_fflush.o)
 .debug_pubnames
                0x000034aa       0x1e ../lpc2106_install/lib/libtarget.a(language_c_libc_stdio_setvbuf.o)
 .debug_pubnames
                0x000034c8       0x37 ../lpc2106_install/lib/libtarget.a(language_c_libc_stdio_stderr.o)
 .debug_pubnames
                0x000034ff       0x35 ../lpc2106_install/lib/libtarget.a(language_c_libc_stdio_stdin.o)
 .debug_pubnames
                0x00003534       0x57 ../lpc2106_install/lib/libtarget.a(language_c_libc_stdio_stdiofiles.o)
 .debug_pubnames
                0x0000358b       0x33 ../lpc2106_install/lib/libtarget.a(language_c_libc_stdio_stdiosupp.o)
 .debug_pubnames
                0x000035be       0x1d ../lpc2106_install/lib/libtarget.a(language_c_libc_stdio_ungetc.o)
 .debug_pubnames
                0x000035db       0x9b ../lpc2106_install/lib/libtarget.a(hal_arm_lpc2xxx_var_hal_diag.o)
 .debug_pubnames
                0x00003676       0x1e ../lpc2106_install/lib/libtarget.a(infra_memset.o)
 .debug_pubnames
                0x00003694      0x177 ../lpc2106_install/lib/libtarget.a(services_memalloc_common_dlmalloc.o)
 .debug_pubnames
                0x0000380b       0x1b ../lpc2106_install/lib/libtarget.a(language_c_libc_startup_exit.o)
 .debug_pubnames
                0x00003826       0x20 ../lpc2106_install/lib/libtarget.a(language_c_libc_string_memmove.o)
 .debug_pubnames
                0x00003846       0x1c ../lpc2106_install/lib/libtarget.a(language_c_libc_startup__exit.o)
 .debug_pubnames
                0x00003862       0x41 ../lpc2106_install/lib/libtarget.a(language_c_libc_startup_atexit.o)

.debug_info     0x00000000    0x58f8c
 *(.debug_info)
 .debug_info    0x00000000       0xb6 ../lpc2106_install/lib/vectors.o
 .debug_info    0x000000b6       0xda /tmp/cckwxeNr.o
 .debug_info    0x00000190     0x43ab ../lpc2106_install/lib/extras.o
 .debug_info    0x0000453b      0xf10 ../lpc2106_install/lib/libtarget.a(hal_common_hal_if.o)
 .debug_info    0x0000544b      0x176 ../lpc2106_install/lib/libtarget.a(hal_common_hal_misc.o)
 .debug_info    0x000055c1      0x913 ../lpc2106_install/lib/libtarget.a(io_common_iosys.o)
 .debug_info    0x00005ed4     0x1c0a ../lpc2106_install/lib/libtarget.a(infra_startup.o)
 .debug_info    0x00007ade       0x70 ../lpc2106_install/lib/libtarget.a(infra_prestart.o)
 .debug_info    0x00007b4e       0x70 ../lpc2106_install/lib/libtarget.a(infra_pkgstart.o)
 .debug_info    0x00007bbe       0x70 ../lpc2106_install/lib/libtarget.a(infra_userstart.o)
 .debug_info    0x00007c2e      0xb2f ../lpc2106_install/lib/libtarget.a(infra_diag.o)
 .debug_info    0x0000875d     0x57fc ../lpc2106_install/lib/libtarget.a(kernel_kapi.o)
 .debug_info    0x0000df59     0x4280 ../lpc2106_install/lib/libtarget.a(kernel_thread.o)
 .debug_info    0x000121d9     0x1e7b ../lpc2106_install/lib/libtarget.a(kernel_except.o)
 .debug_info    0x00014054     0x2a48 ../lpc2106_install/lib/libtarget.a(kernel_intr.o)
 .debug_info    0x00016a9c     0x2ed3 ../lpc2106_install/lib/libtarget.a(kernel_mlqueue.o)
 .debug_info    0x0001996f     0x2d45 ../lpc2106_install/lib/libtarget.a(kernel_sched.o)
 .debug_info    0x0001c6b4     0x2910 ../lpc2106_install/lib/libtarget.a(kernel_cnt_sem.o)
 .debug_info    0x0001efc4     0x2ef2 ../lpc2106_install/lib/libtarget.a(kernel_flag.o)
 .debug_info    0x00021eb6     0x393a ../lpc2106_install/lib/libtarget.a(kernel_mbox.o)
 .debug_info    0x000257f0     0x3560 ../lpc2106_install/lib/libtarget.a(kernel_mutex.o)
 .debug_info    0x00028d50     0x1c8a ../lpc2106_install/lib/libtarget.a(language_c_libc_startup_mainthread.o)
 .debug_info    0x0002a9da      0x284 ../lpc2106_install/lib/libtarget.a(language_c_libc_stdio_stdioinlines.o)
 .debug_info    0x0002ac5e     0x2162 ../lpc2106_install/lib/libtarget.a(language_c_libc_stdio_stdout.o)
 .debug_info    0x0002cdc0     0x334d ../lpc2106_install/lib/libtarget.a(language_c_libc_stdio_stream.o)
 .debug_info    0x0003010d      0x2f7 ../lpc2106_install/lib/libtarget.a(language_c_libc_stdio_streambuf.o)
 .debug_info    0x00030404     0x1df1 ../lpc2106_install/lib/libtarget.a(language_c_libc_stdio_vsnprintf.o)
 .debug_info    0x000321f5     0x248e ../lpc2106_install/lib/libtarget.a(language_c_libc_stdio_vfscanf.o)
 .debug_info    0x00034683      0x13e ../lpc2106_install/lib/libtarget.a(language_c_libc_stdio_fprintf.o)
 .debug_info    0x000347c1     0x1c7a ../lpc2106_install/lib/libtarget.a(language_c_libc_stdio_fputc.o)
 .debug_info    0x0003643b     0x1be6 ../lpc2106_install/lib/libtarget.a(language_c_libc_stdio_fputs.o)
 .debug_info    0x00038021     0x230b ../lpc2106_install/lib/libtarget.a(language_c_libc_stdio_vfnprintf.o)
 .debug_info    0x0003a32c      0x4aa ../lpc2106_install/lib/libtarget.a(language_c_libc_stdlib_strtod.o)
 .debug_info    0x0003a7d6      0x1f8 ../lpc2106_install/lib/libtarget.a(language_c_libc_stdlib_strtol.o)
 .debug_info    0x0003a9ce      0x1f0 ../lpc2106_install/lib/libtarget.a(language_c_libc_stdlib_strtoul.o)
 .debug_info    0x0003abbe      0x1f5 ../lpc2106_install/lib/libtarget.a(language_c_libc_stdlib_strtoll.o)
 .debug_info    0x0003adb3      0x1ed ../lpc2106_install/lib/libtarget.a(language_c_libc_stdlib_strtoull.o)
 .debug_info    0x0003afa0      0x159 ../lpc2106_install/lib/libtarget.a(language_c_libc_string_memchr.o)
 .debug_info    0x0003b0f9      0x110 ../lpc2106_install/lib/libtarget.a(language_c_libc_string_strlen.o)
 .debug_info    0x0003b209       0x8e ../lpc2106_install/lib/libtarget.a(language_c_libc_string_strsuppt.o)
 .debug_info    0x0003b297      0x263 ../lpc2106_install/lib/libtarget.a(language_c_libm_infconst.o)
 .debug_info    0x0003b4fa      0x2cd ../lpc2106_install/lib/libtarget.a(language_c_libm_s_modf.o)
 .debug_info    0x0003b7c7       0xa2 ../lpc2106_install/lib/libtarget.a(error_strerror.o)
 .debug_info    0x0003b869     0x1ce6 ../lpc2106_install/lib/libtarget.a(error_errno.o)
 .debug_info    0x0003d54f      0x28c ../lpc2106_install/lib/libtarget.a(hal_arm_arch_hal_misc.o)
 .debug_info    0x0003d7db       0xba ../lpc2106_install/lib/libtarget.a(hal_arm_arch_context.o)
 .debug_info    0x0003d895      0x447 ../lpc2106_install/lib/libtarget.a(hal_arm_lpc2xxx_var_lpc2xxx_misc.o)
 .debug_info    0x0003dcdc       0xa8 ../lpc2106_install/lib/libtarget.a(hal_arm_lpc2xxx_p2106_p2106_misc.o)
 .debug_info    0x0003dd84      0x12c ../lpc2106_install/lib/libtarget.a(infra_memcpy.o)
 .debug_info    0x0003deb0       0xa8 ../lpc2106_install/lib/libtarget.a(infra_delete.o)
 .debug_info    0x0003df58     0x39bf ../lpc2106_install/lib/libtarget.a(kernel_clock.o)
 .debug_info    0x00041917     0x2f62 ../lpc2106_install/lib/libtarget.a(services_memalloc_common_malloc.o)
 .debug_info    0x00044879     0x27d8 ../lpc2106_install/lib/libtarget.a(services_memalloc_common_heaps.o)
 .debug_info    0x00047051       0xd4 ../lpc2106_install/lib/libtarget.a(language_c_libc_startup_invokemain.o)
 .debug_info    0x00047125     0x1f81 ../lpc2106_install/lib/libtarget.a(language_c_libc_stdio_fflush.o)
 .debug_info    0x000490a6     0x1b7e ../lpc2106_install/lib/libtarget.a(language_c_libc_stdio_setvbuf.o)
 .debug_info    0x0004ac24     0x2162 ../lpc2106_install/lib/libtarget.a(language_c_libc_stdio_stderr.o)
 .debug_info    0x0004cd86     0x2162 ../lpc2106_install/lib/libtarget.a(language_c_libc_stdio_stdin.o)
 .debug_info    0x0004eee8     0x1cfa ../lpc2106_install/lib/libtarget.a(language_c_libc_stdio_stdiofiles.o)
 .debug_info    0x00050be2     0x1b9e ../lpc2106_install/lib/libtarget.a(language_c_libc_stdio_stdiosupp.o)
 .debug_info    0x00052780     0x1bfe ../lpc2106_install/lib/libtarget.a(language_c_libc_stdio_ungetc.o)
 .debug_info    0x0005437e      0x7f4 ../lpc2106_install/lib/libtarget.a(hal_arm_lpc2xxx_var_hal_diag.o)
 .debug_info    0x00054b72      0x123 ../lpc2106_install/lib/libtarget.a(infra_memset.o)
 .debug_info    0x00054c95     0x23e8 ../lpc2106_install/lib/libtarget.a(services_memalloc_common_dlmalloc.o)
 .debug_info    0x0005707d       0xf8 ../lpc2106_install/lib/libtarget.a(language_c_libc_startup_exit.o)
 .debug_info    0x00057175       0xee ../lpc2106_install/lib/libtarget.a(language_c_libc_string_memmove.o)
 .debug_info    0x00057263     0x1c23 ../lpc2106_install/lib/libtarget.a(language_c_libc_startup__exit.o)
 .debug_info    0x00058e86      0x106 ../lpc2106_install/lib/libtarget.a(language_c_libc_startup_atexit.o)

.debug_abbrev   0x00000000     0xd0d4
 *(.debug_abbrev)
 .debug_abbrev  0x00000000       0x12 ../lpc2106_install/lib/vectors.o
 .debug_abbrev  0x00000012       0x90 /tmp/cckwxeNr.o
 .debug_abbrev  0x000000a2      0xae7 ../lpc2106_install/lib/extras.o
 .debug_abbrev  0x00000b89      0x2c9 ../lpc2106_install/lib/libtarget.a(hal_common_hal_if.o)
 .debug_abbrev  0x00000e52       0xfb ../lpc2106_install/lib/libtarget.a(hal_common_hal_misc.o)
 .debug_abbrev  0x00000f4d      0x21f ../lpc2106_install/lib/libtarget.a(io_common_iosys.o)
 .debug_abbrev  0x0000116c      0x358 ../lpc2106_install/lib/libtarget.a(infra_startup.o)
 .debug_abbrev  0x000014c4       0x3d ../lpc2106_install/lib/libtarget.a(infra_prestart.o)
 .debug_abbrev  0x00001501       0x3d ../lpc2106_install/lib/libtarget.a(infra_pkgstart.o)
 .debug_abbrev  0x0000153e       0x3d ../lpc2106_install/lib/libtarget.a(infra_userstart.o)
 .debug_abbrev  0x0000157b      0x374 ../lpc2106_install/lib/libtarget.a(infra_diag.o)
 .debug_abbrev  0x000018ef      0x782 ../lpc2106_install/lib/libtarget.a(kernel_kapi.o)
 .debug_abbrev  0x00002071      0x6ef ../lpc2106_install/lib/libtarget.a(kernel_thread.o)
 .debug_abbrev  0x00002760      0x4b3 ../lpc2106_install/lib/libtarget.a(kernel_except.o)
 .debug_abbrev  0x00002c13      0x67e ../lpc2106_install/lib/libtarget.a(kernel_intr.o)
 .debug_abbrev  0x00003291      0x668 ../lpc2106_install/lib/libtarget.a(kernel_mlqueue.o)
 .debug_abbrev  0x000038f9      0x667 ../lpc2106_install/lib/libtarget.a(kernel_sched.o)
 .debug_abbrev  0x00003f60      0x590 ../lpc2106_install/lib/libtarget.a(kernel_cnt_sem.o)
 .debug_abbrev  0x000044f0      0x64a ../lpc2106_install/lib/libtarget.a(kernel_flag.o)
 .debug_abbrev  0x00004b3a      0x5f0 ../lpc2106_install/lib/libtarget.a(kernel_mbox.o)
 .debug_abbrev  0x0000512a      0x605 ../lpc2106_install/lib/libtarget.a(kernel_mutex.o)
 .debug_abbrev  0x0000572f      0x39d ../lpc2106_install/lib/libtarget.a(language_c_libc_startup_mainthread.o)
 .debug_abbrev  0x00005acc      0x10c ../lpc2106_install/lib/libtarget.a(language_c_libc_stdio_stdioinlines.o)
 .debug_abbrev  0x00005bd8      0x44b ../lpc2106_install/lib/libtarget.a(language_c_libc_stdio_stdout.o)
 .debug_abbrev  0x00006023      0x643 ../lpc2106_install/lib/libtarget.a(language_c_libc_stdio_stream.o)
 .debug_abbrev  0x00006666      0x14b ../lpc2106_install/lib/libtarget.a(language_c_libc_stdio_streambuf.o)
 .debug_abbrev  0x000067b1      0x519 ../lpc2106_install/lib/libtarget.a(language_c_libc_stdio_vsnprintf.o)
 .debug_abbrev  0x00006cca      0x53a ../lpc2106_install/lib/libtarget.a(language_c_libc_stdio_vfscanf.o)
 .debug_abbrev  0x00007204       0xd0 ../lpc2106_install/lib/libtarget.a(language_c_libc_stdio_fprintf.o)
 .debug_abbrev  0x000072d4      0x464 ../lpc2106_install/lib/libtarget.a(language_c_libc_stdio_fputc.o)
 .debug_abbrev  0x00007738      0x419 ../lpc2106_install/lib/libtarget.a(language_c_libc_stdio_fputs.o)
 .debug_abbrev  0x00007b51      0x51f ../lpc2106_install/lib/libtarget.a(language_c_libc_stdio_vfnprintf.o)
 .debug_abbrev  0x00008070      0x209 ../lpc2106_install/lib/libtarget.a(language_c_libc_stdlib_strtod.o)
 .debug_abbrev  0x00008279       0xde ../lpc2106_install/lib/libtarget.a(language_c_libc_stdlib_strtol.o)
 .debug_abbrev  0x00008357       0xdc ../lpc2106_install/lib/libtarget.a(language_c_libc_stdlib_strtoul.o)
 .debug_abbrev  0x00008433       0xcf ../lpc2106_install/lib/libtarget.a(language_c_libc_stdlib_strtoll.o)
 .debug_abbrev  0x00008502       0xcd ../lpc2106_install/lib/libtarget.a(language_c_libc_stdlib_strtoull.o)
 .debug_abbrev  0x000085cf       0xb7 ../lpc2106_install/lib/libtarget.a(language_c_libc_string_memchr.o)
 .debug_abbrev  0x00008686       0x9a ../lpc2106_install/lib/libtarget.a(language_c_libc_string_strlen.o)
 .debug_abbrev  0x00008720       0x4d ../lpc2106_install/lib/libtarget.a(language_c_libc_string_strsuppt.o)
 .debug_abbrev  0x0000876d       0xe7 ../lpc2106_install/lib/libtarget.a(language_c_libm_infconst.o)
 .debug_abbrev  0x00008854      0x143 ../lpc2106_install/lib/libtarget.a(language_c_libm_s_modf.o)
 .debug_abbrev  0x00008997       0x68 ../lpc2106_install/lib/libtarget.a(error_strerror.o)
 .debug_abbrev  0x000089ff      0x402 ../lpc2106_install/lib/libtarget.a(error_errno.o)
 .debug_abbrev  0x00008e01      0x15b ../lpc2106_install/lib/libtarget.a(hal_arm_arch_hal_misc.o)
 .debug_abbrev  0x00008f5c       0x14 ../lpc2106_install/lib/libtarget.a(hal_arm_arch_context.o)
 .debug_abbrev  0x00008f70      0x23d ../lpc2106_install/lib/libtarget.a(hal_arm_lpc2xxx_var_lpc2xxx_misc.o)
 .debug_abbrev  0x000091ad       0x74 ../lpc2106_install/lib/libtarget.a(hal_arm_lpc2xxx_p2106_p2106_misc.o)
 .debug_abbrev  0x00009221       0x97 ../lpc2106_install/lib/libtarget.a(infra_memcpy.o)
 .debug_abbrev  0x000092b8       0x6e ../lpc2106_install/lib/libtarget.a(infra_delete.o)
 .debug_abbrev  0x00009326      0x71e ../lpc2106_install/lib/libtarget.a(kernel_clock.o)
 .debug_abbrev  0x00009a44      0x604 ../lpc2106_install/lib/libtarget.a(services_memalloc_common_malloc.o)
 .debug_abbrev  0x0000a048      0x54a ../lpc2106_install/lib/libtarget.a(services_memalloc_common_heaps.o)
 .debug_abbrev  0x0000a592       0xa2 ../lpc2106_install/lib/libtarget.a(language_c_libc_startup_invokemain.o)
 .debug_abbrev  0x0000a634      0x4bc ../lpc2106_install/lib/libtarget.a(language_c_libc_stdio_fflush.o)
 .debug_abbrev  0x0000aaf0      0x3e0 ../lpc2106_install/lib/libtarget.a(language_c_libc_stdio_setvbuf.o)
 .debug_abbrev  0x0000aed0      0x44b ../lpc2106_install/lib/libtarget.a(language_c_libc_stdio_stderr.o)
 .debug_abbrev  0x0000b31b      0x44b ../lpc2106_install/lib/libtarget.a(language_c_libc_stdio_stdin.o)
 .debug_abbrev  0x0000b766      0x39b ../lpc2106_install/lib/libtarget.a(language_c_libc_stdio_stdiofiles.o)
 .debug_abbrev  0x0000bb01      0x3ea ../lpc2106_install/lib/libtarget.a(language_c_libc_stdio_stdiosupp.o)
 .debug_abbrev  0x0000beeb      0x419 ../lpc2106_install/lib/libtarget.a(language_c_libc_stdio_ungetc.o)
 .debug_abbrev  0x0000c304      0x386 ../lpc2106_install/lib/libtarget.a(hal_arm_lpc2xxx_var_hal_diag.o)
 .debug_abbrev  0x0000c68a       0x8b ../lpc2106_install/lib/libtarget.a(infra_memset.o)
 .debug_abbrev  0x0000c715      0x45e ../lpc2106_install/lib/libtarget.a(services_memalloc_common_dlmalloc.o)
 .debug_abbrev  0x0000cb73       0xaa ../lpc2106_install/lib/libtarget.a(language_c_libc_startup_exit.o)
 .debug_abbrev  0x0000cc1d       0x88 ../lpc2106_install/lib/libtarget.a(language_c_libc_string_memmove.o)
 .debug_abbrev  0x0000cca5      0x369 ../lpc2106_install/lib/libtarget.a(language_c_libc_startup__exit.o)
 .debug_abbrev  0x0000d00e       0xc6 ../lpc2106_install/lib/libtarget.a(language_c_libc_startup_atexit.o)

.debug_line     0x00000000     0xf07d
 *(.debug_line)
 .debug_line    0x00000000      0x1c9 ../lpc2106_install/lib/vectors.o
 .debug_line    0x000001c9       0x9f /tmp/cckwxeNr.o
 .debug_line    0x00000268      0xb7c ../lpc2106_install/lib/extras.o
 .debug_line    0x00000de4      0x541 ../lpc2106_install/lib/libtarget.a(hal_common_hal_if.o)
 .debug_line    0x00001325      0x151 ../lpc2106_install/lib/libtarget.a(hal_common_hal_misc.o)
 .debug_line    0x00001476      0x2d4 ../lpc2106_install/lib/libtarget.a(io_common_iosys.o)
 .debug_line    0x0000174a      0x1dd ../lpc2106_install/lib/libtarget.a(infra_startup.o)
 .debug_line    0x00001927       0x7d ../lpc2106_install/lib/libtarget.a(infra_prestart.o)
 .debug_line    0x000019a4       0x7d ../lpc2106_install/lib/libtarget.a(infra_pkgstart.o)
 .debug_line    0x00001a21       0x7e ../lpc2106_install/lib/libtarget.a(infra_userstart.o)
 .debug_line    0x00001a9f      0x577 ../lpc2106_install/lib/libtarget.a(infra_diag.o)
 .debug_line    0x00002016      0xed2 ../lpc2106_install/lib/libtarget.a(kernel_kapi.o)
 .debug_line    0x00002ee8      0xe10 ../lpc2106_install/lib/libtarget.a(kernel_thread.o)
 .debug_line    0x00003cf8      0x29a ../lpc2106_install/lib/libtarget.a(kernel_except.o)
 .debug_line    0x00003f92      0x4de ../lpc2106_install/lib/libtarget.a(kernel_intr.o)
 .debug_line    0x00004470      0x6a8 ../lpc2106_install/lib/libtarget.a(kernel_mlqueue.o)
 .debug_line    0x00004b18      0x4fc ../lpc2106_install/lib/libtarget.a(kernel_sched.o)
 .debug_line    0x00005014      0x4d4 ../lpc2106_install/lib/libtarget.a(kernel_cnt_sem.o)
 .debug_line    0x000054e8      0x6b8 ../lpc2106_install/lib/libtarget.a(kernel_flag.o)
 .debug_line    0x00005ba0      0x87c ../lpc2106_install/lib/libtarget.a(kernel_mbox.o)
 .debug_line    0x0000641c      0x929 ../lpc2106_install/lib/libtarget.a(kernel_mutex.o)
 .debug_line    0x00006d45      0x222 ../lpc2106_install/lib/libtarget.a(language_c_libc_startup_mainthread.o)
 .debug_line    0x00006f67      0x229 ../lpc2106_install/lib/libtarget.a(language_c_libc_stdio_stdioinlines.o)
 .debug_line    0x00007190      0x3ae ../lpc2106_install/lib/libtarget.a(language_c_libc_stdio_stdout.o)
 .debug_line    0x0000753e      0x971 ../lpc2106_install/lib/libtarget.a(language_c_libc_stdio_stream.o)
 .debug_line    0x00007eaf      0x1b4 ../lpc2106_install/lib/libtarget.a(language_c_libc_stdio_streambuf.o)
 .debug_line    0x00008063      0x396 ../lpc2106_install/lib/libtarget.a(language_c_libc_stdio_vsnprintf.o)
 .debug_line    0x000083f9      0x8d8 ../lpc2106_install/lib/libtarget.a(language_c_libc_stdio_vfscanf.o)
 .debug_line    0x00008cd1      0x19a ../lpc2106_install/lib/libtarget.a(language_c_libc_stdio_fprintf.o)
 .debug_line    0x00008e6b      0x2ea ../lpc2106_install/lib/libtarget.a(language_c_libc_stdio_fputc.o)
 .debug_line    0x00009155      0x2ca ../lpc2106_install/lib/libtarget.a(language_c_libc_stdio_fputs.o)
 .debug_line    0x0000941f      0x7a4 ../lpc2106_install/lib/libtarget.a(language_c_libc_stdio_vfnprintf.o)
 .debug_line    0x00009bc3      0x328 ../lpc2106_install/lib/libtarget.a(language_c_libc_stdlib_strtod.o)
 .debug_line    0x00009eeb      0x134 ../lpc2106_install/lib/libtarget.a(language_c_libc_stdlib_strtol.o)
 .debug_line    0x0000a01f      0x12c ../lpc2106_install/lib/libtarget.a(language_c_libc_stdlib_strtoul.o)
 .debug_line    0x0000a14b      0x145 ../lpc2106_install/lib/libtarget.a(language_c_libc_stdlib_strtoll.o)
 .debug_line    0x0000a290      0x144 ../lpc2106_install/lib/libtarget.a(language_c_libc_stdlib_strtoull.o)
 .debug_line    0x0000a3d4      0x1e1 ../lpc2106_install/lib/libtarget.a(language_c_libc_string_memchr.o)
 .debug_line    0x0000a5b5      0x1b1 ../lpc2106_install/lib/libtarget.a(language_c_libc_string_strlen.o)
 .debug_line    0x0000a766       0xce ../lpc2106_install/lib/libtarget.a(language_c_libc_string_strsuppt.o)
 .debug_line    0x0000a834      0x1a7 ../lpc2106_install/lib/libtarget.a(language_c_libm_infconst.o)
 .debug_line    0x0000a9db      0x1f4 ../lpc2106_install/lib/libtarget.a(language_c_libm_s_modf.o)
 .debug_line    0x0000abcf      0x105 ../lpc2106_install/lib/libtarget.a(error_strerror.o)
 .debug_line    0x0000acd4      0x241 ../lpc2106_install/lib/libtarget.a(error_errno.o)
 .debug_line    0x0000af15      0x192 ../lpc2106_install/lib/libtarget.a(hal_arm_arch_hal_misc.o)
 .debug_line    0x0000b0a7       0x96 ../lpc2106_install/lib/libtarget.a(hal_arm_arch_context.o)
 .debug_line    0x0000b13d      0x2a4 ../lpc2106_install/lib/libtarget.a(hal_arm_lpc2xxx_var_lpc2xxx_misc.o)
 .debug_line    0x0000b3e1       0xa1 ../lpc2106_install/lib/libtarget.a(hal_arm_lpc2xxx_p2106_p2106_misc.o)
 .debug_line    0x0000b482      0x171 ../lpc2106_install/lib/libtarget.a(infra_memcpy.o)
 .debug_line    0x0000b5f3       0x8e ../lpc2106_install/lib/libtarget.a(infra_delete.o)
 .debug_line    0x0000b681      0x9b0 ../lpc2106_install/lib/libtarget.a(kernel_clock.o)
 .debug_line    0x0000c031      0x5cf ../lpc2106_install/lib/libtarget.a(services_memalloc_common_malloc.o)
 .debug_line    0x0000c600      0x3b6 ../lpc2106_install/lib/libtarget.a(services_memalloc_common_heaps.o)
 .debug_line    0x0000c9b6       0xee ../lpc2106_install/lib/libtarget.a(language_c_libc_startup_invokemain.o)
 .debug_line    0x0000caa4      0x368 ../lpc2106_install/lib/libtarget.a(language_c_libc_stdio_fflush.o)
 .debug_line    0x0000ce0c      0x352 ../lpc2106_install/lib/libtarget.a(language_c_libc_stdio_setvbuf.o)
 .debug_line    0x0000d15e      0x3ad ../lpc2106_install/lib/libtarget.a(language_c_libc_stdio_stderr.o)
 .debug_line    0x0000d50b      0x3ad ../lpc2106_install/lib/libtarget.a(language_c_libc_stdio_stdin.o)
 .debug_line    0x0000d8b8      0x28a ../lpc2106_install/lib/libtarget.a(language_c_libc_stdio_stdiofiles.o)
 .debug_line    0x0000db42      0x310 ../lpc2106_install/lib/libtarget.a(language_c_libc_stdio_stdiosupp.o)
 .debug_line    0x0000de52      0x2ee ../lpc2106_install/lib/libtarget.a(language_c_libc_stdio_ungetc.o)
 .debug_line    0x0000e140      0x341 ../lpc2106_install/lib/libtarget.a(hal_arm_lpc2xxx_var_hal_diag.o)
 .debug_line    0x0000e481      0x17a ../lpc2106_install/lib/libtarget.a(infra_memset.o)
 .debug_line    0x0000e5fb      0x50f ../lpc2106_install/lib/libtarget.a(services_memalloc_common_dlmalloc.o)
 .debug_line    0x0000eb0a      0x136 ../lpc2106_install/lib/libtarget.a(language_c_libc_startup_exit.o)
 .debug_line    0x0000ec40      0x106 ../lpc2106_install/lib/libtarget.a(language_c_libc_string_memmove.o)
 .debug_line    0x0000ed46      0x1ec ../lpc2106_install/lib/libtarget.a(language_c_libc_startup__exit.o)
 .debug_line    0x0000ef32      0x14b ../lpc2106_install/lib/libtarget.a(language_c_libc_startup_atexit.o)

.debug_frame    0x00000000     0x3224
 *(.debug_frame)
 .debug_frame   0x00000000       0x30 /tmp/cckwxeNr.o
 .debug_frame   0x00000030      0x26c ../lpc2106_install/lib/extras.o
 .debug_frame   0x0000029c      0x264 ../lpc2106_install/lib/libtarget.a(hal_common_hal_if.o)
 .debug_frame   0x00000500       0x40 ../lpc2106_install/lib/libtarget.a(hal_common_hal_misc.o)
 .debug_frame   0x00000540      0x168 ../lpc2106_install/lib/libtarget.a(io_common_iosys.o)
 .debug_frame   0x000006a8       0x28 ../lpc2106_install/lib/libtarget.a(infra_startup.o)
 .debug_frame   0x000006d0       0x20 ../lpc2106_install/lib/libtarget.a(infra_prestart.o)
 .debug_frame   0x000006f0       0x20 ../lpc2106_install/lib/libtarget.a(infra_pkgstart.o)
 .debug_frame   0x00000710       0x20 ../lpc2106_install/lib/libtarget.a(infra_userstart.o)
 .debug_frame   0x00000730      0x298 ../lpc2106_install/lib/libtarget.a(infra_diag.o)
 .debug_frame   0x000009c8      0x848 ../lpc2106_install/lib/libtarget.a(kernel_kapi.o)
 .debug_frame   0x00001210      0x310 ../lpc2106_install/lib/libtarget.a(kernel_thread.o)
 .debug_frame   0x00001520       0xa8 ../lpc2106_install/lib/libtarget.a(kernel_except.o)
 .debug_frame   0x000015c8      0x214 ../lpc2106_install/lib/libtarget.a(kernel_intr.o)
 .debug_frame   0x000017dc      0x1b4 ../lpc2106_install/lib/libtarget.a(kernel_mlqueue.o)
 .debug_frame   0x00001990      0x164 ../lpc2106_install/lib/libtarget.a(kernel_sched.o)
 .debug_frame   0x00001af4       0xe0 ../lpc2106_install/lib/libtarget.a(kernel_cnt_sem.o)
 .debug_frame   0x00001bd4      0x118 ../lpc2106_install/lib/libtarget.a(kernel_flag.o)
 .debug_frame   0x00001cec      0x13c ../lpc2106_install/lib/libtarget.a(kernel_mbox.o)
 .debug_frame   0x00001e28      0x214 ../lpc2106_install/lib/libtarget.a(kernel_mutex.o)
 .debug_frame   0x0000203c       0x48 ../lpc2106_install/lib/libtarget.a(language_c_libc_startup_mainthread.o)
 .debug_frame   0x00002084       0x94 ../lpc2106_install/lib/libtarget.a(language_c_libc_stdio_stdioinlines.o)
 .debug_frame   0x00002118       0x50 ../lpc2106_install/lib/libtarget.a(language_c_libc_stdio_stdout.o)
 .debug_frame   0x00002168      0x21c ../lpc2106_install/lib/libtarget.a(language_c_libc_stdio_stream.o)
 .debug_frame   0x00002384       0x2c ../lpc2106_install/lib/libtarget.a(language_c_libc_stdio_streambuf.o)
 .debug_frame   0x000023b0       0x7c ../lpc2106_install/lib/libtarget.a(language_c_libc_stdio_vsnprintf.o)
 .debug_frame   0x0000242c       0x60 ../lpc2106_install/lib/libtarget.a(language_c_libc_stdio_vfscanf.o)
 .debug_frame   0x0000248c       0x30 ../lpc2106_install/lib/libtarget.a(language_c_libc_stdio_fprintf.o)
 .debug_frame   0x000024bc       0x40 ../lpc2106_install/lib/libtarget.a(language_c_libc_stdio_fputc.o)
 .debug_frame   0x000024fc       0x30 ../lpc2106_install/lib/libtarget.a(language_c_libc_stdio_fputs.o)
 .debug_frame   0x0000252c       0x60 ../lpc2106_install/lib/libtarget.a(language_c_libc_stdio_vfnprintf.o)
 .debug_frame   0x0000258c       0x54 ../lpc2106_install/lib/libtarget.a(language_c_libc_stdlib_strtod.o)
 .debug_frame   0x000025e0       0x38 ../lpc2106_install/lib/libtarget.a(language_c_libc_stdlib_strtol.o)
 .debug_frame   0x00002618       0x38 ../lpc2106_install/lib/libtarget.a(language_c_libc_stdlib_strtoul.o)
 .debug_frame   0x00002650       0x38 ../lpc2106_install/lib/libtarget.a(language_c_libc_stdlib_strtoll.o)
 .debug_frame   0x00002688       0x38 ../lpc2106_install/lib/libtarget.a(language_c_libc_stdlib_strtoull.o)
 .debug_frame   0x000026c0       0x2c ../lpc2106_install/lib/libtarget.a(language_c_libc_string_memchr.o)
 .debug_frame   0x000026ec       0x28 ../lpc2106_install/lib/libtarget.a(language_c_libc_string_strlen.o)
 .debug_frame   0x00002714       0x30 ../lpc2106_install/lib/libtarget.a(language_c_libm_s_modf.o)
 .debug_frame   0x00002744       0x20 ../lpc2106_install/lib/libtarget.a(error_strerror.o)
 .debug_frame   0x00002764       0x20 ../lpc2106_install/lib/libtarget.a(error_errno.o)
 .debug_frame   0x00002784       0x7c ../lpc2106_install/lib/libtarget.a(hal_arm_arch_hal_misc.o)
 .debug_frame   0x00002800      0x110 ../lpc2106_install/lib/libtarget.a(hal_arm_lpc2xxx_var_lpc2xxx_misc.o)
 .debug_frame   0x00002910       0x30 ../lpc2106_install/lib/libtarget.a(hal_arm_lpc2xxx_p2106_p2106_misc.o)
 .debug_frame   0x00002940       0x2c ../lpc2106_install/lib/libtarget.a(infra_memcpy.o)
 .debug_frame   0x0000296c       0x30 ../lpc2106_install/lib/libtarget.a(infra_delete.o)
 .debug_frame   0x0000299c      0x320 ../lpc2106_install/lib/libtarget.a(kernel_clock.o)
 .debug_frame   0x00002cbc       0xac ../lpc2106_install/lib/libtarget.a(services_memalloc_common_malloc.o)
 .debug_frame   0x00002d68       0x50 ../lpc2106_install/lib/libtarget.a(services_memalloc_common_heaps.o)
 .debug_frame   0x00002db8       0x28 ../lpc2106_install/lib/libtarget.a(language_c_libc_startup_invokemain.o)
 .debug_frame   0x00002de0       0x54 ../lpc2106_install/lib/libtarget.a(language_c_libc_stdio_fflush.o)
 .debug_frame   0x00002e34       0x30 ../lpc2106_install/lib/libtarget.a(language_c_libc_stdio_setvbuf.o)
 .debug_frame   0x00002e64       0x50 ../lpc2106_install/lib/libtarget.a(language_c_libc_stdio_stderr.o)
 .debug_frame   0x00002eb4       0x50 ../lpc2106_install/lib/libtarget.a(language_c_libc_stdio_stdin.o)
 .debug_frame   0x00002f04       0x40 ../lpc2106_install/lib/libtarget.a(language_c_libc_stdio_stdiofiles.o)
 .debug_frame   0x00002f44       0x28 ../lpc2106_install/lib/libtarget.a(language_c_libc_stdio_stdiosupp.o)
 .debug_frame   0x00002f6c       0x2c ../lpc2106_install/lib/libtarget.a(language_c_libc_stdio_ungetc.o)
 .debug_frame   0x00002f98       0xf0 ../lpc2106_install/lib/libtarget.a(hal_arm_lpc2xxx_var_hal_diag.o)
 .debug_frame   0x00003088       0x28 ../lpc2106_install/lib/libtarget.a(infra_memset.o)
 .debug_frame   0x000030b0       0xd0 ../lpc2106_install/lib/libtarget.a(services_memalloc_common_dlmalloc.o)
 .debug_frame   0x00003180       0x20 ../lpc2106_install/lib/libtarget.a(language_c_libc_startup_exit.o)
 .debug_frame   0x000031a0       0x28 ../lpc2106_install/lib/libtarget.a(language_c_libc_string_memmove.o)
 .debug_frame   0x000031c8       0x20 ../lpc2106_install/lib/libtarget.a(language_c_libc_startup__exit.o)
 .debug_frame   0x000031e8       0x3c ../lpc2106_install/lib/libtarget.a(language_c_libc_startup_atexit.o)

.debug_str      0x00000000     0x901e
 *(.debug_str)
 .debug_str     0x00000000       0xa7 /tmp/cckwxeNr.o
                                 0xd9 (size before relaxing)
 .debug_str     0x000000a7     0x2a05 ../lpc2106_install/lib/extras.o
                               0x3e9f (size before relaxing)
 .debug_str     0x00002aac      0x57d ../lpc2106_install/lib/libtarget.a(hal_common_hal_if.o)
                                0x66e (size before relaxing)
 .debug_str     0x00003029       0xa5 ../lpc2106_install/lib/libtarget.a(hal_common_hal_misc.o)
                                0x17c (size before relaxing)
 .debug_str     0x000030ce      0x18e ../lpc2106_install/lib/libtarget.a(io_common_iosys.o)
                                0x318 (size before relaxing)
 .debug_str     0x0000325c       0x53 ../lpc2106_install/lib/libtarget.a(infra_startup.o)
                               0x23c0 (size before relaxing)
 .debug_str     0x000032af       0x57 ../lpc2106_install/lib/libtarget.a(infra_prestart.o)
                                 0xce (size before relaxing)
 .debug_str     0x00003306       0x5c ../lpc2106_install/lib/libtarget.a(infra_pkgstart.o)
                                 0xd3 (size before relaxing)
 .debug_str     0x00003362       0x5a ../lpc2106_install/lib/libtarget.a(infra_userstart.o)
                                 0xd1 (size before relaxing)
 .debug_str     0x000033bc      0x2c9 ../lpc2106_install/lib/libtarget.a(infra_diag.o)
                                0x476 (size before relaxing)
 .debug_str     0x00003685     0x1c0c ../lpc2106_install/lib/libtarget.a(kernel_kapi.o)
                               0x4374 (size before relaxing)
 .debug_str     0x00005291      0x870 ../lpc2106_install/lib/libtarget.a(kernel_thread.o)
                               0x354c (size before relaxing)
 .debug_str     0x00005b01       0xb8 ../lpc2106_install/lib/libtarget.a(kernel_except.o)
                               0x252f (size before relaxing)
 .debug_str     0x00005bb9      0x17f ../lpc2106_install/lib/libtarget.a(kernel_intr.o)
                               0x2d30 (size before relaxing)
 .debug_str     0x00005d38       0x77 ../lpc2106_install/lib/libtarget.a(kernel_mlqueue.o)
                               0x2ceb (size before relaxing)
 .debug_str     0x00005daf       0xf7 ../lpc2106_install/lib/libtarget.a(kernel_sched.o)
                               0x340c (size before relaxing)
 .debug_str     0x00005ea6       0x8b ../lpc2106_install/lib/libtarget.a(kernel_cnt_sem.o)
                               0x276c (size before relaxing)
 .debug_str     0x00005f31       0x97 ../lpc2106_install/lib/libtarget.a(kernel_flag.o)
                               0x27b7 (size before relaxing)
 .debug_str     0x00005fc8       0x52 ../lpc2106_install/lib/libtarget.a(kernel_mbox.o)
                               0x29c5 (size before relaxing)
 .debug_str     0x0000601a       0x67 ../lpc2106_install/lib/libtarget.a(kernel_mutex.o)
                               0x2a07 (size before relaxing)
 .debug_str     0x00006081       0xbe ../lpc2106_install/lib/libtarget.a(language_c_libc_startup_mainthread.o)
                               0x248e (size before relaxing)
 .debug_str     0x0000613f       0x83 ../lpc2106_install/lib/libtarget.a(language_c_libc_stdio_stdioinlines.o)
                                0x17c (size before relaxing)
 .debug_str     0x000061c2      0x494 ../lpc2106_install/lib/libtarget.a(language_c_libc_stdio_stdout.o)
                               0x28c2 (size before relaxing)
 .debug_str     0x00006656      0x6ac ../lpc2106_install/lib/libtarget.a(language_c_libc_stdio_stream.o)
                               0x2de3 (size before relaxing)
 .debug_str     0x00006d02       0x6f ../lpc2106_install/lib/libtarget.a(language_c_libc_stdio_streambuf.o)
                                0x3f4 (size before relaxing)
 .debug_str     0x00006d71       0xd1 ../lpc2106_install/lib/libtarget.a(language_c_libc_stdio_vsnprintf.o)
                               0x231b (size before relaxing)
 .debug_str     0x00006e42       0xfe ../lpc2106_install/lib/libtarget.a(language_c_libc_stdio_vfscanf.o)
                               0x2664 (size before relaxing)
 .debug_str     0x00006f40       0x60 ../lpc2106_install/lib/libtarget.a(language_c_libc_stdio_fprintf.o)
                                0x14b (size before relaxing)
 .debug_str     0x00006fa0       0xa0 ../lpc2106_install/lib/libtarget.a(language_c_libc_stdio_fputc.o)
                               0x22f5 (size before relaxing)
 .debug_str     0x00007040       0x64 ../lpc2106_install/lib/libtarget.a(language_c_libc_stdio_fputs.o)
                               0x22a7 (size before relaxing)
 .debug_str     0x000070a4      0x22e ../lpc2106_install/lib/libtarget.a(language_c_libc_stdio_vfnprintf.o)
                               0x2458 (size before relaxing)
 .debug_str     0x000072d2       0xc0 ../lpc2106_install/lib/libtarget.a(language_c_libc_stdlib_strtod.o)
                                0x2e4 (size before relaxing)
 .debug_str     0x00007392       0x7e ../lpc2106_install/lib/libtarget.a(language_c_libc_stdlib_strtol.o)
                                0x13e (size before relaxing)
 .debug_str     0x00007410       0x62 ../lpc2106_install/lib/libtarget.a(language_c_libc_stdlib_strtoul.o)
                                0x140 (size before relaxing)
 .debug_str     0x00007472       0x62 ../lpc2106_install/lib/libtarget.a(language_c_libc_stdlib_strtoll.o)
                                0x12e (size before relaxing)
 .debug_str     0x000074d4       0x64 ../lpc2106_install/lib/libtarget.a(language_c_libc_stdlib_strtoull.o)
                                0x130 (size before relaxing)
 .debug_str     0x00007538       0xa0 ../lpc2106_install/lib/libtarget.a(language_c_libc_string_memchr.o)
                                0x155 (size before relaxing)
 .debug_str     0x000075d8       0x62 ../lpc2106_install/lib/libtarget.a(language_c_libc_string_strlen.o)
                                0x150 (size before relaxing)
 .debug_str     0x0000763a       0x5b ../lpc2106_install/lib/libtarget.a(language_c_libc_string_strsuppt.o)
                                0x10f (size before relaxing)
 .debug_str     0x00007695       0x89 ../lpc2106_install/lib/libtarget.a(language_c_libm_infconst.o)
                                0x258 (size before relaxing)
 .debug_str     0x0000771e       0x6e ../lpc2106_install/lib/libtarget.a(language_c_libm_s_modf.o)
                                0x23d (size before relaxing)
 .debug_str     0x0000778c       0x5c ../lpc2106_install/lib/libtarget.a(error_strerror.o)
                                 0xd8 (size before relaxing)
 .debug_str     0x000077e8       0x5d ../lpc2106_install/lib/libtarget.a(error_errno.o)
                               0x2436 (size before relaxing)
 .debug_str     0x00007845       0xd9 ../lpc2106_install/lib/libtarget.a(hal_arm_arch_hal_misc.o)
                                0x1b9 (size before relaxing)
 .debug_str     0x0000791e      0x1b7 ../lpc2106_install/lib/libtarget.a(hal_arm_lpc2xxx_var_lpc2xxx_misc.o)
                                0x2cf (size before relaxing)
 .debug_str     0x00007ad5       0x86 ../lpc2106_install/lib/libtarget.a(hal_arm_lpc2xxx_p2106_p2106_misc.o)
                                0x10c (size before relaxing)
 .debug_str     0x00007b5b       0x5a ../lpc2106_install/lib/libtarget.a(infra_memcpy.o)
                                 0xfb (size before relaxing)
 .debug_str     0x00007bb5       0x79 ../lpc2106_install/lib/libtarget.a(infra_delete.o)
                                 0xf0 (size before relaxing)
 .debug_str     0x00007c2e      0x182 ../lpc2106_install/lib/libtarget.a(kernel_clock.o)
                               0x348a (size before relaxing)
 .debug_str     0x00007db0      0x667 ../lpc2106_install/lib/libtarget.a(services_memalloc_common_malloc.o)
                               0x2c6a (size before relaxing)
 .debug_str     0x00008417       0xb8 ../lpc2106_install/lib/libtarget.a(services_memalloc_common_heaps.o)
                               0x2c3c (size before relaxing)
 .debug_str     0x000084cf       0x7d ../lpc2106_install/lib/libtarget.a(language_c_libc_startup_invokemain.o)
                                0x11a (size before relaxing)
 .debug_str     0x0000854c      0x134 ../lpc2106_install/lib/libtarget.a(language_c_libc_stdio_fflush.o)
                               0x25ba (size before relaxing)
 .debug_str     0x00008680       0x68 ../lpc2106_install/lib/libtarget.a(language_c_libc_stdio_setvbuf.o)
                               0x2277 (size before relaxing)
 .debug_str     0x000086e8       0xe9 ../lpc2106_install/lib/libtarget.a(language_c_libc_stdio_stderr.o)
                               0x28c2 (size before relaxing)
 .debug_str     0x000087d1       0xe4 ../lpc2106_install/lib/libtarget.a(language_c_libc_stdio_stdin.o)
                               0x28bb (size before relaxing)
 .debug_str     0x000088b5       0xc7 ../lpc2106_install/lib/libtarget.a(language_c_libc_stdio_stdiofiles.o)
                               0x24b1 (size before relaxing)
 .debug_str     0x0000897c       0x8e ../lpc2106_install/lib/libtarget.a(language_c_libc_stdio_stdiosupp.o)
                               0x22c1 (size before relaxing)
 .debug_str     0x00008a0a       0x66 ../lpc2106_install/lib/libtarget.a(language_c_libc_stdio_ungetc.o)
                               0x22a5 (size before relaxing)
 .debug_str     0x00008a70      0x23e ../lpc2106_install/lib/libtarget.a(hal_arm_lpc2xxx_var_hal_diag.o)
                                0x508 (size before relaxing)
 .debug_str     0x00008cae       0x66 ../lpc2106_install/lib/libtarget.a(infra_memset.o)
                                0x121 (size before relaxing)
 .debug_str     0x00008d14      0x11d ../lpc2106_install/lib/libtarget.a(services_memalloc_common_dlmalloc.o)
                               0x2735 (size before relaxing)
 .debug_str     0x00008e31       0x58 ../lpc2106_install/lib/libtarget.a(language_c_libc_startup_exit.o)
                                0x114 (size before relaxing)
 .debug_str     0x00008e89       0x64 ../lpc2106_install/lib/libtarget.a(language_c_libc_string_memmove.o)
                                 0xe7 (size before relaxing)
 .debug_str     0x00008eed       0x59 ../lpc2106_install/lib/libtarget.a(language_c_libc_startup__exit.o)
                               0x23dc (size before relaxing)
 .debug_str     0x00008f46       0xd8 ../lpc2106_install/lib/libtarget.a(language_c_libc_startup_atexit.o)
                                0x165 (size before relaxing)

.debug_loc      0x00000000    0x10a40
 *(.debug_loc)
 .debug_loc     0x00000000       0x2a /tmp/cckwxeNr.o
 .debug_loc     0x0000002a      0xa2b ../lpc2106_install/lib/extras.o
 .debug_loc     0x00000a55      0x849 ../lpc2106_install/lib/libtarget.a(hal_common_hal_if.o)
 .debug_loc     0x0000129e       0x6d ../lpc2106_install/lib/libtarget.a(hal_common_hal_misc.o)
 .debug_loc     0x0000130b      0x5e1 ../lpc2106_install/lib/libtarget.a(io_common_iosys.o)
 .debug_loc     0x000018ec       0x2b ../lpc2106_install/lib/libtarget.a(infra_startup.o)
 .debug_loc     0x00001917     0x11af ../lpc2106_install/lib/libtarget.a(infra_diag.o)
 .debug_loc     0x00002ac6     0x10bb ../lpc2106_install/lib/libtarget.a(kernel_kapi.o)
 .debug_loc     0x00003b81      0xca5 ../lpc2106_install/lib/libtarget.a(kernel_thread.o)
 .debug_loc     0x00004826      0x140 ../lpc2106_install/lib/libtarget.a(kernel_except.o)
 .debug_loc     0x00004966      0x42f ../lpc2106_install/lib/libtarget.a(kernel_intr.o)
 .debug_loc     0x00004d95      0x479 ../lpc2106_install/lib/libtarget.a(kernel_mlqueue.o)
 .debug_loc     0x0000520e      0x3b9 ../lpc2106_install/lib/libtarget.a(kernel_sched.o)
 .debug_loc     0x000055c7      0x24a ../lpc2106_install/lib/libtarget.a(kernel_cnt_sem.o)
 .debug_loc     0x00005811      0x62a ../lpc2106_install/lib/libtarget.a(kernel_flag.o)
 .debug_loc     0x00005e3b      0x630 ../lpc2106_install/lib/libtarget.a(kernel_mbox.o)
 .debug_loc     0x0000646b      0x62a ../lpc2106_install/lib/libtarget.a(kernel_mutex.o)
 .debug_loc     0x00006a95       0x67 ../lpc2106_install/lib/libtarget.a(language_c_libc_startup_mainthread.o)
 .debug_loc     0x00006afc      0x1cd ../lpc2106_install/lib/libtarget.a(language_c_libc_stdio_stdioinlines.o)
 .debug_loc     0x00006cc9       0x9e ../lpc2106_install/lib/libtarget.a(language_c_libc_stdio_stdout.o)
 .debug_loc     0x00006d67      0xa69 ../lpc2106_install/lib/libtarget.a(language_c_libc_stdio_stream.o)
 .debug_loc     0x000077d0       0xbb ../lpc2106_install/lib/libtarget.a(language_c_libc_stdio_streambuf.o)
 .debug_loc     0x0000788b      0x148 ../lpc2106_install/lib/libtarget.a(language_c_libc_stdio_vsnprintf.o)
 .debug_loc     0x000079d3     0x16a0 ../lpc2106_install/lib/libtarget.a(language_c_libc_stdio_vfscanf.o)
 .debug_loc     0x00009073       0x3e ../lpc2106_install/lib/libtarget.a(language_c_libc_stdio_fprintf.o)
 .debug_loc     0x000090b1       0x8d ../lpc2106_install/lib/libtarget.a(language_c_libc_stdio_fputc.o)
 .debug_loc     0x0000913e       0x67 ../lpc2106_install/lib/libtarget.a(language_c_libc_stdio_fputs.o)
 .debug_loc     0x000091a5     0x2d5f ../lpc2106_install/lib/libtarget.a(language_c_libc_stdio_vfnprintf.o)
 .debug_loc     0x0000bf04      0x2df ../lpc2106_install/lib/libtarget.a(language_c_libc_stdlib_strtod.o)
 .debug_loc     0x0000c1e3      0x176 ../lpc2106_install/lib/libtarget.a(language_c_libc_stdlib_strtol.o)
 .debug_loc     0x0000c359      0x179 ../lpc2106_install/lib/libtarget.a(language_c_libc_stdlib_strtoul.o)
 .debug_loc     0x0000c4d2      0x2c7 ../lpc2106_install/lib/libtarget.a(language_c_libc_stdlib_strtoll.o)
 .debug_loc     0x0000c799      0x304 ../lpc2106_install/lib/libtarget.a(language_c_libc_stdlib_strtoull.o)
 .debug_loc     0x0000ca9d      0x196 ../lpc2106_install/lib/libtarget.a(language_c_libc_string_memchr.o)
 .debug_loc     0x0000cc33       0x7c ../lpc2106_install/lib/libtarget.a(language_c_libc_string_strlen.o)
 .debug_loc     0x0000ccaf       0xca ../lpc2106_install/lib/libtarget.a(language_c_libm_s_modf.o)
 .debug_loc     0x0000cd79      0x57a ../lpc2106_install/lib/libtarget.a(error_strerror.o)
 .debug_loc     0x0000d2f3       0xd1 ../lpc2106_install/lib/libtarget.a(hal_arm_arch_hal_misc.o)
 .debug_loc     0x0000d3c4      0x1d7 ../lpc2106_install/lib/libtarget.a(hal_arm_lpc2xxx_var_lpc2xxx_misc.o)
 .debug_loc     0x0000d59b      0x170 ../lpc2106_install/lib/libtarget.a(infra_memcpy.o)
 .debug_loc     0x0000d70b     0x1468 ../lpc2106_install/lib/libtarget.a(kernel_clock.o)
 .debug_loc     0x0000eb73      0x2a2 ../lpc2106_install/lib/libtarget.a(services_memalloc_common_malloc.o)
 .debug_loc     0x0000ee15       0xe2 ../lpc2106_install/lib/libtarget.a(services_memalloc_common_heaps.o)
 .debug_loc     0x0000eef7       0x2b ../lpc2106_install/lib/libtarget.a(language_c_libc_startup_invokemain.o)
 .debug_loc     0x0000ef22      0x17b ../lpc2106_install/lib/libtarget.a(language_c_libc_stdio_fflush.o)
 .debug_loc     0x0000f09d       0xc0 ../lpc2106_install/lib/libtarget.a(language_c_libc_stdio_setvbuf.o)
 .debug_loc     0x0000f15d       0x9e ../lpc2106_install/lib/libtarget.a(language_c_libc_stdio_stderr.o)
 .debug_loc     0x0000f1fb       0x9e ../lpc2106_install/lib/libtarget.a(language_c_libc_stdio_stdin.o)
 .debug_loc     0x0000f299       0x3c ../lpc2106_install/lib/libtarget.a(language_c_libc_stdio_stdiofiles.o)
 .debug_loc     0x0000f2d5       0x77 ../lpc2106_install/lib/libtarget.a(language_c_libc_stdio_stdiosupp.o)
 .debug_loc     0x0000f34c       0x84 ../lpc2106_install/lib/libtarget.a(language_c_libc_stdio_ungetc.o)
 .debug_loc     0x0000f3d0      0x3c2 ../lpc2106_install/lib/libtarget.a(hal_arm_lpc2xxx_var_hal_diag.o)
 .debug_loc     0x0000f792      0x123 ../lpc2106_install/lib/libtarget.a(infra_memset.o)
 .debug_loc     0x0000f8b5     0x1030 ../lpc2106_install/lib/libtarget.a(services_memalloc_common_dlmalloc.o)
 .debug_loc     0x000108e5       0x1e ../lpc2106_install/lib/libtarget.a(language_c_libc_startup_exit.o)
 .debug_loc     0x00010903       0xec ../lpc2106_install/lib/libtarget.a(language_c_libc_string_memmove.o)
 .debug_loc     0x000109ef       0x13 ../lpc2106_install/lib/libtarget.a(language_c_libc_startup__exit.o)
 .debug_loc     0x00010a02       0x3e ../lpc2106_install/lib/libtarget.a(language_c_libc_startup_atexit.o)

.debug_macinfo
 *(.debug_macinfo)

.note.arm.ident
 *(.note.arm.ident)

/DISCARD/
 *(.fini_array*)
 *(.ARM.extab* .gnu.linkonce.armextab.*)
 *(.ARM.exidx* .gnu.linkonce.armexidx.*)
 *(.gcc_except_table*)

.rom_vectors    0x00000000       0x40
                0x00000000                __rom_vectors_vma = ABSOLUTE (.)
                0x00000000                . = .
 *(.vectors)
 .vectors       0x00000000       0x40 ../lpc2106_install/lib/vectors.o
                0x00000000                __exception_handlers
                0x00000020                vectors
                0x00000000                __rom_vectors_lma = LOADADDR (.rom_vectors)

.ARM.extab      0x00000040        0x0
                0x00000040                PROVIDE (__stext, ABSOLUTE (.))
                0x00000040                _stext = ABSOLUTE (.)
                0x00000040                . = .
                0x00000040                . = ALIGN (0x8)
                0x00000040                . = ALIGN (0x8)
                0x00000040                __exidx_start = ABSOLUTE (.)

.ARM.exidx      0x00000040        0x0
                0x00000040                . = .
                0x00000040                __exidx_end = ABSOLUTE (.)

.text           0x00000040    0x128fc
 *(.text*)
 .text          0x00000040      0x584 ../lpc2106_install/lib/vectors.o
                0x000004e4                hal_interrupt_stack_call_pending_DSRs
                0x00000544                __gccmain
                0x00000258                reset_platform
                0x00000040                reset_vector
                0x00000550                _sp
                0x00000548                _psr
                0x00000104                start
 .text          0x000005c4       0x2c /tmp/cckwxeNr.o
                0x000005c4                main
 .text          0x000005f0        0x0 ../lpc2106_install/lib/extras.o
 .text._GLOBAL__I.49000_ioinit.cxx
                0x000005f0        0x4 ../lpc2106_install/lib/extras.o
 .text.serial_select
                0x000005f4        0x8 ../lpc2106_install/lib/extras.o
 .text.serial_set_config
                0x000005fc       0x1c ../lpc2106_install/lib/extras.o
 .text.serial_rcv_char
                0x00000618       0x64 ../lpc2106_install/lib/extras.o
 .text.serial_xmt_char
                0x0000067c       0xd4 ../lpc2106_install/lib/extras.o
 .text.serial_init
                0x00000750       0xb4 ../lpc2106_install/lib/extras.o
 .text.serial_get_config
                0x00000804      0x2cc ../lpc2106_install/lib/extras.o
 .text.serial_read
                0x00000ad0      0x13c ../lpc2106_install/lib/extras.o
 .text.serial_write
                0x00000c0c      0x184 ../lpc2106_install/lib/extras.o
 .text.tty_init
                0x00000d90       0x14 ../lpc2106_install/lib/extras.o
 .text.tty_lookup
                0x00000da4       0x14 ../lpc2106_install/lib/extras.o
 .text.tty_set_config
                0x00000db8       0x48 ../lpc2106_install/lib/extras.o
 .text.tty_get_config
                0x00000e00       0x54 ../lpc2106_install/lib/extras.o
 .text.tty_select
                0x00000e54        0xc ../lpc2106_install/lib/extras.o
 .text.tty_read
                0x00000e60      0x180 ../lpc2106_install/lib/extras.o
 .text.tty_write
                0x00000fe0       0xf4 ../lpc2106_install/lib/extras.o
 .text.haldiag_init
                0x000010d4        0x8 ../lpc2106_install/lib/extras.o
 .text.haldiag_set_config
                0x000010dc       0x40 ../lpc2106_install/lib/extras.o
 .text.haldiag_getc
                0x0000111c       0x1c ../lpc2106_install/lib/extras.o
 .text.haldiag_putc
                0x00001138       0x1c ../lpc2106_install/lib/extras.o
 .text.cyg_iso_c_start
                0x00001154       0x28 ../lpc2106_install/lib/extras.o
                0x00001154                cyg_iso_c_start
 .text._GLOBAL__I.56100_cyg_iso_c_start
                0x0000117c        0x4 ../lpc2106_install/lib/extras.o
 .text          0x00001180        0x0 ../lpc2106_install/lib/libtarget.a(hal_common_hal_if.o)
 .text.nop_service
                0x00001180        0x8 ../lpc2106_install/lib/libtarget.a(hal_common_hal_if.o)
 .text.set_debug_comm
                0x00001188      0x118 ../lpc2106_install/lib/libtarget.a(hal_common_hal_if.o)
 .text.set_console_comm
                0x000012a0       0x94 ../lpc2106_install/lib/libtarget.a(hal_common_hal_if.o)
 .text.cyg_hal_diag_mangler_gdb_getc
                0x00001334       0x2c ../lpc2106_install/lib/libtarget.a(hal_common_hal_if.o)
 .text.cyg_hal_diag_mangler_gdb_read
                0x00001360       0x4c ../lpc2106_install/lib/libtarget.a(hal_common_hal_if.o)
 .text.cyg_hal_diag_mangler_gdb_init
                0x000013ac       0x8c ../lpc2106_install/lib/libtarget.a(hal_common_hal_if.o)
                0x000013ac                cyg_hal_diag_mangler_gdb_init
 .text.cyg_hal_diag_mangler_null_getc
                0x00001438       0x2c ../lpc2106_install/lib/libtarget.a(hal_common_hal_if.o)
 .text.cyg_hal_diag_mangler_null_putc
                0x00001464       0x2c ../lpc2106_install/lib/libtarget.a(hal_common_hal_if.o)
 .text.cyg_hal_diag_mangler_null_write
                0x00001490       0x4c ../lpc2106_install/lib/libtarget.a(hal_common_hal_if.o)
 .text.cyg_hal_diag_mangler_null_read
                0x000014dc       0x4c ../lpc2106_install/lib/libtarget.a(hal_common_hal_if.o)
 .text.cyg_hal_diag_mangler_null_control
                0x00001528       0x10 ../lpc2106_install/lib/libtarget.a(hal_common_hal_if.o)
 .text.cyg_hal_diag_mangler_null_init
                0x00001538       0x8c ../lpc2106_install/lib/libtarget.a(hal_common_hal_if.o)
                0x00001538                cyg_hal_diag_mangler_null_init
 .text.hal_if_diag_init
                0x000015c4       0x40 ../lpc2106_install/lib/libtarget.a(hal_common_hal_if.o)
                0x000015c4                hal_if_diag_init
 .text.hal_if_diag_read_char
                0x00001604       0x50 ../lpc2106_install/lib/libtarget.a(hal_common_hal_if.o)
                0x00001604                hal_if_diag_read_char
 .text.hal_if_init
                0x00001654       0xd8 ../lpc2106_install/lib/libtarget.a(hal_common_hal_if.o)
                0x00001654                hal_if_init
 .text.delay_us
                0x0000172c       0x88 ../lpc2106_install/lib/libtarget.a(hal_common_hal_if.o)
 .text.reset    0x000017b4       0x14 ../lpc2106_install/lib/libtarget.a(hal_common_hal_if.o)
 .text.hal_if_diag_write_char
                0x000017c8       0x74 ../lpc2106_install/lib/libtarget.a(hal_common_hal_if.o)
                0x000017c8                hal_if_diag_write_char
 .text.cyg_hal_diag_mangler_gdb_flush
                0x0000183c      0x1a8 ../lpc2106_install/lib/libtarget.a(hal_common_hal_if.o)
 .text.cyg_hal_diag_mangler_gdb_control
                0x000019e4       0x2c ../lpc2106_install/lib/libtarget.a(hal_common_hal_if.o)
 .text.cyg_hal_diag_mangler_gdb_putc
                0x00001a10       0x58 ../lpc2106_install/lib/libtarget.a(hal_common_hal_if.o)
 .text.cyg_hal_diag_mangler_gdb_write
                0x00001a68       0x3c ../lpc2106_install/lib/libtarget.a(hal_common_hal_if.o)
 .text          0x00001aa4        0x0 ../lpc2106_install/lib/libtarget.a(hal_common_hal_misc.o)
 .text.cyg_hal_is_break
                0x00001aa4       0x48 ../lpc2106_install/lib/libtarget.a(hal_common_hal_misc.o)
                0x00001aa4                cyg_hal_is_break
 .text.cyg_hal_user_break
                0x00001aec        0x8 ../lpc2106_install/lib/libtarget.a(hal_common_hal_misc.o)
                0x00001aec                cyg_hal_user_break
                0x00001aec                breakinst
 .text.hal_default_isr
                0x00001af4        0x4 ../lpc2106_install/lib/libtarget.a(hal_common_hal_misc.o)
                0x00001af4                hal_default_isr
 .text          0x00001af8        0x0 ../lpc2106_install/lib/libtarget.a(io_common_iosys.o)
 .text.cyg_io_init
                0x00001af8       0x74 ../lpc2106_install/lib/libtarget.a(io_common_iosys.o)
                0x00001af8                cyg_io_init
 .text.cyg_io_lookup
                0x00001b6c      0x104 ../lpc2106_install/lib/libtarget.a(io_common_iosys.o)
                0x00001b6c                cyg_io_lookup
 .text.cyg_io_write
                0x00001c70       0x48 ../lpc2106_install/lib/libtarget.a(io_common_iosys.o)
                0x00001c70                cyg_io_write
 .text.cyg_io_read
                0x00001cb8       0x48 ../lpc2106_install/lib/libtarget.a(io_common_iosys.o)
                0x00001cb8                cyg_io_read
 .text.cyg_io_bwrite
                0x00001d00       0x40 ../lpc2106_install/lib/libtarget.a(io_common_iosys.o)
                0x00001d00                cyg_io_bwrite
 .text.cyg_io_bread
                0x00001d40       0x40 ../lpc2106_install/lib/libtarget.a(io_common_iosys.o)
                0x00001d40                cyg_io_bread
 .text.cyg_io_select
                0x00001d80       0x28 ../lpc2106_install/lib/libtarget.a(io_common_iosys.o)
                0x00001d80                cyg_io_select
 .text.cyg_io_get_config
                0x00001da8       0x40 ../lpc2106_install/lib/libtarget.a(io_common_iosys.o)
                0x00001da8                cyg_io_get_config
 .text.cyg_io_set_config
                0x00001de8       0x40 ../lpc2106_install/lib/libtarget.a(io_common_iosys.o)
                0x00001de8                cyg_io_set_config
 .text.cyg_devio_cwrite
                0x00001e28        0x8 ../lpc2106_install/lib/libtarget.a(io_common_iosys.o)
                0x00001e28                cyg_devio_cwrite
 .text.cyg_devio_cread
                0x00001e30        0x8 ../lpc2106_install/lib/libtarget.a(io_common_iosys.o)
                0x00001e30                cyg_devio_cread
 .text.cyg_devio_bwrite
                0x00001e38        0x8 ../lpc2106_install/lib/libtarget.a(io_common_iosys.o)
                0x00001e38                cyg_devio_bwrite
 .text.cyg_devio_bread
                0x00001e40        0x8 ../lpc2106_install/lib/libtarget.a(io_common_iosys.o)
                0x00001e40                cyg_devio_bread
 .text.cyg_devio_select
                0x00001e48        0x8 ../lpc2106_install/lib/libtarget.a(io_common_iosys.o)
                0x00001e48                cyg_devio_select
 .text.cyg_devio_get_config
                0x00001e50        0x8 ../lpc2106_install/lib/libtarget.a(io_common_iosys.o)
                0x00001e50                cyg_devio_get_config
 .text.cyg_devio_set_config
                0x00001e58        0x8 ../lpc2106_install/lib/libtarget.a(io_common_iosys.o)
                0x00001e58                cyg_devio_set_config
 .text          0x00001e60        0x0 ../lpc2106_install/lib/libtarget.a(infra_startup.o)
 .text.cyg_start
                0x00001e60       0x18 ../lpc2106_install/lib/libtarget.a(infra_startup.o)
                0x00001e60                cyg_start
 .text          0x00001e78        0x0 ../lpc2106_install/lib/libtarget.a(infra_prestart.o)
 .text.cyg_prestart
                0x00001e78        0x4 ../lpc2106_install/lib/libtarget.a(infra_prestart.o)
                0x00001e78                cyg_prestart
 .text          0x00001e7c        0x0 ../lpc2106_install/lib/libtarget.a(infra_pkgstart.o)
 .text.cyg_package_start
                0x00001e7c        0x4 ../lpc2106_install/lib/libtarget.a(infra_pkgstart.o)
                0x00001e7c                cyg_package_start
 .text          0x00001e80        0x0 ../lpc2106_install/lib/libtarget.a(infra_userstart.o)
 .text.cyg_user_start
                0x00001e80        0x4 ../lpc2106_install/lib/libtarget.a(infra_userstart.o)
                0x00001e80                cyg_user_start
 .text          0x00001e84        0x0 ../lpc2106_install/lib/libtarget.a(infra_diag.o)
 .text.diag_init
                0x00001e84        0x4 ../lpc2106_install/lib/libtarget.a(infra_diag.o)
                0x00001e84                diag_init
 .text.diag_init_putc
                0x00001e88       0x10 ../lpc2106_install/lib/libtarget.a(infra_diag.o)
                0x00001e88                diag_init_putc
 .text._ZL4_cvtyPclS_
                0x00001e98       0xd0 ../lpc2106_install/lib/libtarget.a(infra_diag.o)
 .text._ZL6_sputccPPv
                0x00001f68       0x3c ../lpc2106_install/lib/libtarget.a(infra_diag.o)
 .text.diag_vdump_buf_with_offset
                0x00001fa4      0x144 ../lpc2106_install/lib/libtarget.a(infra_diag.o)
                0x00001fa4                diag_vdump_buf_with_offset
 .text.diag_dump_buf_with_offset
                0x000020e8       0x1c ../lpc2106_install/lib/libtarget.a(infra_diag.o)
                0x000020e8                diag_dump_buf_with_offset
 .text.diag_dump_buf
                0x00002104        0x8 ../lpc2106_install/lib/libtarget.a(infra_diag.o)
                0x00002104                diag_dump_buf
 .text._GLOBAL__I.10100_diag_write_char
                0x0000210c        0x4 ../lpc2106_install/lib/libtarget.a(infra_diag.o)
 .text.diag_write_char
                0x00002110       0x28 ../lpc2106_install/lib/libtarget.a(infra_diag.o)
                0x00002110                diag_write_char
 .text._ZL16_diag_write_charcPPv
                0x00002138        0x4 ../lpc2106_install/lib/libtarget.a(infra_diag.o)
 .text.diag_write_long_num
                0x0000213c      0x11c ../lpc2106_install/lib/libtarget.a(infra_diag.o)
                0x0000213c                diag_write_long_num
 .text.diag_write_num
                0x00002258       0x30 ../lpc2106_install/lib/libtarget.a(infra_diag.o)
                0x00002258                diag_write_num
 .text.diag_write_hex
                0x00002288       0x28 ../lpc2106_install/lib/libtarget.a(infra_diag.o)
                0x00002288                diag_write_hex
 .text.diag_write_dec
                0x000022b0       0x34 ../lpc2106_install/lib/libtarget.a(infra_diag.o)
                0x000022b0                diag_write_dec
 .text.diag_write_string
                0x000022e4       0x2c ../lpc2106_install/lib/libtarget.a(infra_diag.o)
                0x000022e4                diag_write_string
 .text._ZL8_vprintfPFvcPPvES0_PKcS_
                0x00002310      0xb38 ../lpc2106_install/lib/libtarget.a(infra_diag.o)
 .text.diag_vprintf
                0x00002e48       0x1c ../lpc2106_install/lib/libtarget.a(infra_diag.o)
                0x00002e48                diag_vprintf
 .text.diag_printf
                0x00002e64       0x38 ../lpc2106_install/lib/libtarget.a(infra_diag.o)
                0x00002e64                diag_printf
 .text.diag_dump_buf_with_offset_16bit
                0x00002e9c       0xe8 ../lpc2106_install/lib/libtarget.a(infra_diag.o)
                0x00002e9c                diag_dump_buf_with_offset_16bit
 .text.diag_dump_buf_16bit
                0x00002f84        0x8 ../lpc2106_install/lib/libtarget.a(infra_diag.o)
                0x00002f84                diag_dump_buf_16bit
 .text.diag_dump_buf_with_offset_32bit
                0x00002f8c       0xc8 ../lpc2106_install/lib/libtarget.a(infra_diag.o)
                0x00002f8c                diag_dump_buf_with_offset_32bit
 .text.diag_dump_buf_32bit
                0x00003054        0x8 ../lpc2106_install/lib/libtarget.a(infra_diag.o)
                0x00003054                diag_dump_buf_32bit
 .text.diag_vsprintf
                0x0000305c       0x40 ../lpc2106_install/lib/libtarget.a(infra_diag.o)
                0x0000305c                diag_vsprintf
 .text.diag_snprintf
                0x0000309c       0x4c ../lpc2106_install/lib/libtarget.a(infra_diag.o)
                0x0000309c                diag_snprintf
 .text.diag_sprintf
                0x000030e8       0x4c ../lpc2106_install/lib/libtarget.a(infra_diag.o)
                0x000030e8                diag_sprintf
 .text          0x00003134        0x0 ../lpc2106_install/lib/libtarget.a(kernel_kapi.o)
 .text.cyg_scheduler_lock
                0x00003134       0x18 ../lpc2106_install/lib/libtarget.a(kernel_kapi.o)
                0x00003134                cyg_scheduler_lock
 .text.cyg_scheduler_read_lock
                0x0000314c       0x10 ../lpc2106_install/lib/libtarget.a(kernel_kapi.o)
                0x0000314c                cyg_scheduler_read_lock
 .text.cyg_thread_self
                0x0000315c       0x10 ../lpc2106_install/lib/libtarget.a(kernel_kapi.o)
                0x0000315c                cyg_thread_self
 .text.cyg_thread_get_id
                0x0000316c        0x8 ../lpc2106_install/lib/libtarget.a(kernel_kapi.o)
                0x0000316c                cyg_thread_get_id
 .text.cyg_thread_idle_thread
                0x00003174        0xc ../lpc2106_install/lib/libtarget.a(kernel_kapi.o)
                0x00003174                cyg_thread_idle_thread
 .text.cyg_thread_get_priority
                0x00003180       0x14 ../lpc2106_install/lib/libtarget.a(kernel_kapi.o)
                0x00003180                cyg_thread_get_priority
 .text.cyg_thread_get_current_priority
                0x00003194        0x8 ../lpc2106_install/lib/libtarget.a(kernel_kapi.o)
                0x00003194                cyg_thread_get_current_priority
 .text.cyg_thread_deadline_wait
                0x0000319c        0x4 ../lpc2106_install/lib/libtarget.a(kernel_kapi.o)
                0x0000319c                cyg_thread_deadline_wait
 .text.cyg_thread_get_stack_base
                0x000031a0        0x8 ../lpc2106_install/lib/libtarget.a(kernel_kapi.o)
                0x000031a0                cyg_thread_get_stack_base
 .text.cyg_thread_get_stack_size
                0x000031a8        0x8 ../lpc2106_install/lib/libtarget.a(kernel_kapi.o)
                0x000031a8                cyg_thread_get_stack_size
 .text.cyg_thread_get_data
                0x000031b0       0x20 ../lpc2106_install/lib/libtarget.a(kernel_kapi.o)
                0x000031b0                cyg_thread_get_data
 .text.cyg_thread_get_data_ptr
                0x000031d0       0x20 ../lpc2106_install/lib/libtarget.a(kernel_kapi.o)
                0x000031d0                cyg_thread_get_data_ptr
 .text.cyg_thread_set_data
                0x000031f0       0x20 ../lpc2106_install/lib/libtarget.a(kernel_kapi.o)
                0x000031f0                cyg_thread_set_data
 .text.cyg_interrupt_set_cpu
                0x00003210        0x4 ../lpc2106_install/lib/libtarget.a(kernel_kapi.o)
                0x00003210                cyg_interrupt_set_cpu
 .text.cyg_interrupt_get_cpu
                0x00003214        0x8 ../lpc2106_install/lib/libtarget.a(kernel_kapi.o)
                0x00003214                cyg_interrupt_get_cpu
 .text.cyg_counter_current_value
                0x0000321c       0x1c ../lpc2106_install/lib/libtarget.a(kernel_kapi.o)
                0x0000321c                cyg_counter_current_value
 .text.cyg_counter_set_value
                0x00003238        0xc ../lpc2106_install/lib/libtarget.a(kernel_kapi.o)
                0x00003238                cyg_counter_set_value
 .text.cyg_clock_to_counter
                0x00003244        0x8 ../lpc2106_install/lib/libtarget.a(kernel_kapi.o)
                0x00003244                cyg_clock_to_counter
 .text.cyg_clock_set_resolution
                0x0000324c       0x18 ../lpc2106_install/lib/libtarget.a(kernel_kapi.o)
                0x0000324c                cyg_clock_set_resolution
 .text.cyg_clock_get_resolution
                0x00003264       0x14 ../lpc2106_install/lib/libtarget.a(kernel_kapi.o)
                0x00003264                cyg_clock_get_resolution
 .text.cyg_real_time_clock
                0x00003278       0x10 ../lpc2106_install/lib/libtarget.a(kernel_kapi.o)
                0x00003278                cyg_real_time_clock
 .text.cyg_current_time
                0x00003288       0x28 ../lpc2106_install/lib/libtarget.a(kernel_kapi.o)
                0x00003288                cyg_current_time
 .text.cyg_mbox_peek
                0x000032b0        0x8 ../lpc2106_install/lib/libtarget.a(kernel_kapi.o)
                0x000032b0                cyg_mbox_peek
 .text.cyg_mbox_waiting_to_get
                0x000032b8       0x10 ../lpc2106_install/lib/libtarget.a(kernel_kapi.o)
                0x000032b8                cyg_mbox_waiting_to_get
 .text.cyg_mbox_waiting_to_put
                0x000032c8       0x10 ../lpc2106_install/lib/libtarget.a(kernel_kapi.o)
                0x000032c8                cyg_mbox_waiting_to_put
 .text.cyg_flag_peek
                0x000032d8        0x8 ../lpc2106_install/lib/libtarget.a(kernel_kapi.o)
                0x000032d8                cyg_flag_peek
 .text.cyg_flag_waiting
                0x000032e0       0x10 ../lpc2106_install/lib/libtarget.a(kernel_kapi.o)
                0x000032e0                cyg_flag_waiting
 .text.cyg_spinlock_init
                0x000032f0       0x18 ../lpc2106_install/lib/libtarget.a(kernel_kapi.o)
                0x000032f0                cyg_spinlock_init
 .text.cyg_spinlock_destroy
                0x00003308        0x4 ../lpc2106_install/lib/libtarget.a(kernel_kapi.o)
                0x00003308                cyg_spinlock_destroy
 .text.cyg_spinlock_spin
                0x0000330c        0xc ../lpc2106_install/lib/libtarget.a(kernel_kapi.o)
                0x0000330c                cyg_spinlock_spin
 .text.cyg_spinlock_clear
                0x00003318        0xc ../lpc2106_install/lib/libtarget.a(kernel_kapi.o)
                0x00003318                cyg_spinlock_clear
 .text.cyg_spinlock_try
                0x00003324       0x1c ../lpc2106_install/lib/libtarget.a(kernel_kapi.o)
                0x00003324                cyg_spinlock_try
 .text.cyg_spinlock_test
                0x00003340        0x8 ../lpc2106_install/lib/libtarget.a(kernel_kapi.o)
                0x00003340                cyg_spinlock_test
 .text.cyg_spinlock_spin_intsave
                0x00003348       0x28 ../lpc2106_install/lib/libtarget.a(kernel_kapi.o)
                0x00003348                cyg_spinlock_spin_intsave
 .text.cyg_spinlock_clear_intsave
                0x00003370       0x28 ../lpc2106_install/lib/libtarget.a(kernel_kapi.o)
                0x00003370                cyg_spinlock_clear_intsave
 .text.cyg_cond_timed_wait
                0x00003398        0x8 ../lpc2106_install/lib/libtarget.a(kernel_kapi.o)
                0x00003398                cyg_cond_timed_wait
 .text.cyg_cond_broadcast
                0x000033a0        0x4 ../lpc2106_install/lib/libtarget.a(kernel_kapi.o)
                0x000033a0                cyg_cond_broadcast
 .text.cyg_cond_signal
                0x000033a4        0x4 ../lpc2106_install/lib/libtarget.a(kernel_kapi.o)
                0x000033a4                cyg_cond_signal
 .text.cyg_cond_wait
                0x000033a8        0x8 ../lpc2106_install/lib/libtarget.a(kernel_kapi.o)
                0x000033a8                cyg_cond_wait
 .text.cyg_cond_destroy
                0x000033b0        0x4 ../lpc2106_install/lib/libtarget.a(kernel_kapi.o)
                0x000033b0                cyg_cond_destroy
 .text.cyg_cond_init
                0x000033b4        0x4 ../lpc2106_install/lib/libtarget.a(kernel_kapi.o)
                0x000033b4                cyg_cond_init
 .text.cyg_mutex_set_protocol
                0x000033b8        0x4 ../lpc2106_install/lib/libtarget.a(kernel_kapi.o)
                0x000033b8                cyg_mutex_set_protocol
 .text.cyg_mutex_set_ceiling
                0x000033bc        0x4 ../lpc2106_install/lib/libtarget.a(kernel_kapi.o)
                0x000033bc                cyg_mutex_set_ceiling
 .text.cyg_mutex_release
                0x000033c0        0x4 ../lpc2106_install/lib/libtarget.a(kernel_kapi.o)
                0x000033c0                cyg_mutex_release
 .text.cyg_mutex_unlock
                0x000033c4        0x4 ../lpc2106_install/lib/libtarget.a(kernel_kapi.o)
                0x000033c4                cyg_mutex_unlock
 .text.cyg_mutex_trylock
                0x000033c8        0x4 ../lpc2106_install/lib/libtarget.a(kernel_kapi.o)
                0x000033c8                cyg_mutex_trylock
 .text.cyg_mutex_lock
                0x000033cc        0x4 ../lpc2106_install/lib/libtarget.a(kernel_kapi.o)
                0x000033cc                cyg_mutex_lock
 .text.cyg_mutex_destroy
                0x000033d0        0x4 ../lpc2106_install/lib/libtarget.a(kernel_kapi.o)
                0x000033d0                cyg_mutex_destroy
 .text.cyg_mutex_init
                0x000033d4        0x4 ../lpc2106_install/lib/libtarget.a(kernel_kapi.o)
                0x000033d4                cyg_mutex_init
 .text.cyg_flag_poll
                0x000033d8       0x1c ../lpc2106_install/lib/libtarget.a(kernel_kapi.o)
                0x000033d8                cyg_flag_poll
 .text.cyg_flag_timed_wait
                0x000033f4       0x2c ../lpc2106_install/lib/libtarget.a(kernel_kapi.o)
                0x000033f4                cyg_flag_timed_wait
 .text.cyg_flag_wait
                0x00003420       0x1c ../lpc2106_install/lib/libtarget.a(kernel_kapi.o)
                0x00003420                cyg_flag_wait
 .text.cyg_flag_maskbits
                0x0000343c        0x4 ../lpc2106_install/lib/libtarget.a(kernel_kapi.o)
                0x0000343c                cyg_flag_maskbits
 .text.cyg_flag_setbits
                0x00003440        0x4 ../lpc2106_install/lib/libtarget.a(kernel_kapi.o)
                0x00003440                cyg_flag_setbits
 .text.cyg_flag_destroy
                0x00003444        0x4 ../lpc2106_install/lib/libtarget.a(kernel_kapi.o)
                0x00003444                cyg_flag_destroy
 .text.cyg_flag_init
                0x00003448        0x8 ../lpc2106_install/lib/libtarget.a(kernel_kapi.o)
                0x00003448                cyg_flag_init
 .text.cyg_semaphore_peek
                0x00003450       0x14 ../lpc2106_install/lib/libtarget.a(kernel_kapi.o)
                0x00003450                cyg_semaphore_peek
 .text.cyg_semaphore_post
                0x00003464        0x4 ../lpc2106_install/lib/libtarget.a(kernel_kapi.o)
                0x00003464                cyg_semaphore_post
 .text.cyg_semaphore_trywait
                0x00003468        0x4 ../lpc2106_install/lib/libtarget.a(kernel_kapi.o)
                0x00003468                cyg_semaphore_trywait
 .text.cyg_semaphore_timed_wait
                0x0000346c        0x4 ../lpc2106_install/lib/libtarget.a(kernel_kapi.o)
                0x0000346c                cyg_semaphore_timed_wait
 .text.cyg_semaphore_wait
                0x00003470        0x4 ../lpc2106_install/lib/libtarget.a(kernel_kapi.o)
                0x00003470                cyg_semaphore_wait
 .text.cyg_semaphore_destroy
                0x00003474        0x4 ../lpc2106_install/lib/libtarget.a(kernel_kapi.o)
                0x00003474                cyg_semaphore_destroy
 .text.cyg_semaphore_init
                0x00003478        0x4 ../lpc2106_install/lib/libtarget.a(kernel_kapi.o)
                0x00003478                cyg_semaphore_init
 .text.cyg_mbox_tryput
                0x0000347c        0x4 ../lpc2106_install/lib/libtarget.a(kernel_kapi.o)
                0x0000347c                cyg_mbox_tryput
 .text.cyg_mbox_timed_put
                0x00003480        0x4 ../lpc2106_install/lib/libtarget.a(kernel_kapi.o)
                0x00003480                cyg_mbox_timed_put
 .text.cyg_mbox_put
                0x00003484        0x4 ../lpc2106_install/lib/libtarget.a(kernel_kapi.o)
                0x00003484                cyg_mbox_put
 .text.cyg_mbox_peek_item
                0x00003488        0x4 ../lpc2106_install/lib/libtarget.a(kernel_kapi.o)
                0x00003488                cyg_mbox_peek_item
 .text.cyg_mbox_tryget
                0x0000348c        0x4 ../lpc2106_install/lib/libtarget.a(kernel_kapi.o)
                0x0000348c                cyg_mbox_tryget
 .text.cyg_mbox_timed_get
                0x00003490        0x4 ../lpc2106_install/lib/libtarget.a(kernel_kapi.o)
                0x00003490                cyg_mbox_timed_get
 .text.cyg_mbox_get
                0x00003494        0x4 ../lpc2106_install/lib/libtarget.a(kernel_kapi.o)
                0x00003494                cyg_mbox_get
 .text.cyg_mbox_delete
                0x00003498        0x4 ../lpc2106_install/lib/libtarget.a(kernel_kapi.o)
                0x00003498                cyg_mbox_delete
 .text.cyg_mbox_create
                0x0000349c       0x24 ../lpc2106_install/lib/libtarget.a(kernel_kapi.o)
                0x0000349c                cyg_mbox_create
 .text.cyg_alarm_disable
                0x000034c0        0x4 ../lpc2106_install/lib/libtarget.a(kernel_kapi.o)
                0x000034c0                cyg_alarm_disable
 .text.cyg_alarm_enable
                0x000034c4        0x4 ../lpc2106_install/lib/libtarget.a(kernel_kapi.o)
                0x000034c4                cyg_alarm_enable
 .text.cyg_alarm_get_times
                0x000034c8        0x4 ../lpc2106_install/lib/libtarget.a(kernel_kapi.o)
                0x000034c8                cyg_alarm_get_times
 .text.cyg_alarm_initialize
                0x000034cc        0x4 ../lpc2106_install/lib/libtarget.a(kernel_kapi.o)
                0x000034cc                cyg_alarm_initialize
 .text.cyg_alarm_delete
                0x000034d0        0x4 ../lpc2106_install/lib/libtarget.a(kernel_kapi.o)
                0x000034d0                cyg_alarm_delete
 .text.cyg_alarm_create
                0x000034d4       0x38 ../lpc2106_install/lib/libtarget.a(kernel_kapi.o)
                0x000034d4                cyg_alarm_create
 .text.cyg_clock_delete
                0x0000350c        0x4 ../lpc2106_install/lib/libtarget.a(kernel_kapi.o)
                0x0000350c                cyg_clock_delete
 .text.cyg_clock_create
                0x00003510       0x38 ../lpc2106_install/lib/libtarget.a(kernel_kapi.o)
                0x00003510                cyg_clock_create
 .text.cyg_counter_multi_tick
                0x00003548        0x8 ../lpc2106_install/lib/libtarget.a(kernel_kapi.o)
                0x00003548                cyg_counter_multi_tick
 .text.cyg_counter_tick
                0x00003550        0x8 ../lpc2106_install/lib/libtarget.a(kernel_kapi.o)
                0x00003550                cyg_counter_tick
 .text.cyg_counter_delete
                0x00003558        0x4 ../lpc2106_install/lib/libtarget.a(kernel_kapi.o)
                0x00003558                cyg_counter_delete
 .text.cyg_counter_create
                0x0000355c       0x28 ../lpc2106_install/lib/libtarget.a(kernel_kapi.o)
                0x0000355c                cyg_counter_create
 .text.cyg_interrupt_configure
                0x00003584        0x4 ../lpc2106_install/lib/libtarget.a(kernel_kapi.o)
                0x00003584                cyg_interrupt_configure
 .text.cyg_interrupt_acknowledge
                0x00003588        0x4 ../lpc2106_install/lib/libtarget.a(kernel_kapi.o)
                0x00003588                cyg_interrupt_acknowledge
 .text.cyg_interrupt_unmask_intunsafe
                0x0000358c        0x4 ../lpc2106_install/lib/libtarget.a(kernel_kapi.o)
                0x0000358c                cyg_interrupt_unmask_intunsafe
 .text.cyg_interrupt_unmask
                0x00003590        0x4 ../lpc2106_install/lib/libtarget.a(kernel_kapi.o)
                0x00003590                cyg_interrupt_unmask
 .text.cyg_interrupt_mask_intunsafe
                0x00003594        0x4 ../lpc2106_install/lib/libtarget.a(kernel_kapi.o)
                0x00003594                cyg_interrupt_mask_intunsafe
 .text.cyg_interrupt_mask
                0x00003598        0x4 ../lpc2106_install/lib/libtarget.a(kernel_kapi.o)
                0x00003598                cyg_interrupt_mask
 .text.cyg_interrupt_enable
                0x0000359c        0x4 ../lpc2106_install/lib/libtarget.a(kernel_kapi.o)
                0x0000359c                cyg_interrupt_enable
 .text.cyg_interrupt_disable
                0x000035a0        0x4 ../lpc2106_install/lib/libtarget.a(kernel_kapi.o)
                0x000035a0                cyg_interrupt_disable
 .text.cyg_interrupt_set_vsr
                0x000035a4        0x8 ../lpc2106_install/lib/libtarget.a(kernel_kapi.o)
                0x000035a4                cyg_interrupt_set_vsr
 .text.cyg_interrupt_get_vsr
                0x000035ac        0x4 ../lpc2106_install/lib/libtarget.a(kernel_kapi.o)
                0x000035ac                cyg_interrupt_get_vsr
 .text.cyg_interrupt_detach
                0x000035b0        0x4 ../lpc2106_install/lib/libtarget.a(kernel_kapi.o)
                0x000035b0                cyg_interrupt_detach
 .text.cyg_interrupt_attach
                0x000035b4        0x4 ../lpc2106_install/lib/libtarget.a(kernel_kapi.o)
                0x000035b4                cyg_interrupt_attach
 .text.cyg_interrupt_delete
                0x000035b8        0x4 ../lpc2106_install/lib/libtarget.a(kernel_kapi.o)
                0x000035b8                cyg_interrupt_delete
 .text.cyg_interrupt_create
                0x000035bc       0x44 ../lpc2106_install/lib/libtarget.a(kernel_kapi.o)
                0x000035bc                cyg_interrupt_create
 .text.cyg_exception_call_handler
                0x00003600        0x4 ../lpc2106_install/lib/libtarget.a(kernel_kapi.o)
                0x00003600                cyg_exception_call_handler
 .text.cyg_exception_clear_handler
                0x00003604       0x1c ../lpc2106_install/lib/libtarget.a(kernel_kapi.o)
                0x00003604                cyg_exception_clear_handler
 .text.cyg_exception_set_handler
                0x00003620       0x48 ../lpc2106_install/lib/libtarget.a(kernel_kapi.o)
                0x00003620                cyg_exception_set_handler
 .text.cyg_thread_free_data_index
                0x00003668        0x4 ../lpc2106_install/lib/libtarget.a(kernel_kapi.o)
                0x00003668                cyg_thread_free_data_index
 .text.cyg_thread_new_data_index
                0x0000366c        0x4 ../lpc2106_install/lib/libtarget.a(kernel_kapi.o)
                0x0000366c                cyg_thread_new_data_index
 .text.cyg_scheduler_unlock
                0x00003670       0x40 ../lpc2106_install/lib/libtarget.a(kernel_kapi.o)
                0x00003670                cyg_scheduler_unlock
 .text.cyg_thread_delay
                0x000036b0       0x1c ../lpc2106_install/lib/libtarget.a(kernel_kapi.o)
                0x000036b0                cyg_thread_delay
 .text.cyg_thread_set_priority
                0x000036cc        0x4 ../lpc2106_install/lib/libtarget.a(kernel_kapi.o)
                0x000036cc                cyg_thread_set_priority
 .text.cyg_thread_yield
                0x000036d0       0x14 ../lpc2106_install/lib/libtarget.a(kernel_kapi.o)
                0x000036d0                cyg_thread_yield
 .text.cyg_thread_release
                0x000036e4        0x4 ../lpc2106_install/lib/libtarget.a(kernel_kapi.o)
                0x000036e4                cyg_thread_release
 .text.cyg_thread_kill
                0x000036e8        0x4 ../lpc2106_install/lib/libtarget.a(kernel_kapi.o)
                0x000036e8                cyg_thread_kill
 .text.cyg_thread_resume
                0x000036ec       0x28 ../lpc2106_install/lib/libtarget.a(kernel_kapi.o)
                0x000036ec                cyg_thread_resume
 .text.cyg_thread_suspend
                0x00003714        0x4 ../lpc2106_install/lib/libtarget.a(kernel_kapi.o)
                0x00003714                cyg_thread_suspend
 .text.cyg_thread_delete
                0x00003718       0x3c ../lpc2106_install/lib/libtarget.a(kernel_kapi.o)
                0x00003718                cyg_thread_delete
 .text.cyg_thread_exit